[2022-06-27T06:35:49.275+0000][gc,heap] Heap region size: 1M
[2022-06-27T06:35:49.282+0000][gc     ] Using G1
[2022-06-27T06:35:49.282+0000][gc,heap,coops] Heap address: 0x00000000c0000000, size: 1024 MB, Compressed Oops mode: 32-bit
[2022-06-27T06:35:50.361+0000][gc,start     ] GC(0) Pause Young (Concurrent Start) (Metadata GC Threshold)
[2022-06-27T06:35:50.362+0000][gc,task      ] GC(0) Using 6 workers of 6 for evacuation
[2022-06-27T06:35:50.367+0000][gc,phases    ] GC(0)   Pre Evacuate Collection Set: 0.0ms
[2022-06-27T06:35:50.367+0000][gc,phases    ] GC(0)   Evacuate Collection Set: 4.9ms
[2022-06-27T06:35:50.367+0000][gc,phases    ] GC(0)   Post Evacuate Collection Set: 0.4ms
[2022-06-27T06:35:50.367+0000][gc,phases    ] GC(0)   Other: 0.6ms
[2022-06-27T06:35:50.367+0000][gc,heap      ] GC(0) Eden regions: 38->0(44)
[2022-06-27T06:35:50.367+0000][gc,heap      ] GC(0) Survivor regions: 0->7(7)
[2022-06-27T06:35:50.367+0000][gc,heap      ] GC(0) Old regions: 0->0
[2022-06-27T06:35:50.367+0000][gc,heap      ] GC(0) Humongous regions: 0->0
[2022-06-27T06:35:50.367+0000][gc,metaspace ] GC(0) Metaspace: 20734K->20734K(1069056K)
[2022-06-27T06:35:50.367+0000][gc           ] GC(0) Pause Young (Concurrent Start) (Metadata GC Threshold) 37M->6M(1024M) 6.001ms
[2022-06-27T06:35:50.367+0000][gc,cpu       ] GC(0) User=0.02s Sys=0.00s Real=0.00s
[2022-06-27T06:35:50.367+0000][gc           ] GC(1) Concurrent Cycle
[2022-06-27T06:35:50.367+0000][gc,marking   ] GC(1) Concurrent Clear Claimed Marks
[2022-06-27T06:35:50.367+0000][gc,marking   ] GC(1) Concurrent Clear Claimed Marks 0.015ms
[2022-06-27T06:35:50.367+0000][gc,marking   ] GC(1) Concurrent Scan Root Regions
[2022-06-27T06:35:50.369+0000][gc,marking   ] GC(1) Concurrent Scan Root Regions 1.300ms
[2022-06-27T06:35:50.369+0000][gc,marking   ] GC(1) Concurrent Mark (1.096s)
[2022-06-27T06:35:50.369+0000][gc,marking   ] GC(1) Concurrent Mark From Roots
[2022-06-27T06:35:50.369+0000][gc,task      ] GC(1) Using 2 workers of 2 for marking
[2022-06-27T06:35:50.369+0000][gc,marking   ] GC(1) Concurrent Mark From Roots 0.237ms
[2022-06-27T06:35:50.369+0000][gc,marking   ] GC(1) Concurrent Preclean
[2022-06-27T06:35:50.369+0000][gc,marking   ] GC(1) Concurrent Preclean 0.048ms
[2022-06-27T06:35:50.369+0000][gc,marking   ] GC(1) Concurrent Mark (1.096s, 1.096s) 0.335ms
[2022-06-27T06:35:50.369+0000][gc,start     ] GC(1) Pause Remark
[2022-06-27T06:35:50.371+0000][gc,stringtable] GC(1) Cleaned string and symbol table, strings: 7272 processed, 0 removed, symbols: 63200 processed, 41 removed
[2022-06-27T06:35:50.371+0000][gc            ] GC(1) Pause Remark 6M->6M(1024M) 1.632ms
[2022-06-27T06:35:50.371+0000][gc,cpu        ] GC(1) User=0.01s Sys=0.00s Real=0.00s
[2022-06-27T06:35:50.371+0000][gc,marking    ] GC(1) Concurrent Rebuild Remembered Sets
[2022-06-27T06:35:50.371+0000][gc,marking    ] GC(1) Concurrent Rebuild Remembered Sets 0.071ms
[2022-06-27T06:35:50.371+0000][gc,start      ] GC(1) Pause Cleanup
[2022-06-27T06:35:50.371+0000][gc            ] GC(1) Pause Cleanup 6M->6M(1024M) 0.207ms
[2022-06-27T06:35:50.371+0000][gc,cpu        ] GC(1) User=0.00s Sys=0.00s Real=0.00s
[2022-06-27T06:35:50.371+0000][gc,marking    ] GC(1) Concurrent Cleanup for Next Mark
[2022-06-27T06:35:50.375+0000][gc,marking    ] GC(1) Concurrent Cleanup for Next Mark 3.234ms
[2022-06-27T06:35:50.375+0000][gc            ] GC(1) Concurrent Cycle 7.254ms
[2022-06-27T06:35:52.723+0000][gc,heap,exit  ] Heap
[2022-06-27T06:35:52.723+0000][gc,heap,exit  ]  garbage-first heap   total 1048576K, used 37183K [0x00000000c0000000, 0x0000000100000000)
[2022-06-27T06:35:52.723+0000][gc,heap,exit  ]   region size 1024K, 38 young (38912K), 7 survivors (7168K)
[2022-06-27T06:35:52.723+0000][gc,heap,exit  ]  Metaspace       used 28061K, capacity 28712K, committed 28848K, reserved 1075200K
[2022-06-27T06:35:52.723+0000][gc,heap,exit  ]   class space    used 3423K, capacity 3662K, committed 3760K, reserved 1048576K
