[2022-06-27T01:05:39.711+0000][gc,heap] Heap region size: 1M
[2022-06-27T01:05:39.718+0000][gc     ] Using G1
[2022-06-27T01:05:39.718+0000][gc,heap,coops] Heap address: 0x00000000c0000000, size: 1024 MB, Compressed Oops mode: 32-bit
[2022-06-27T01:05:40.542+0000][gc,start     ] GC(0) Pause Young (Concurrent Start) (Metadata GC Threshold)
[2022-06-27T01:05:40.542+0000][gc,task      ] GC(0) Using 6 workers of 6 for evacuation
[2022-06-27T01:05:40.547+0000][gc,phases    ] GC(0)   Pre Evacuate Collection Set: 0.0ms
[2022-06-27T01:05:40.547+0000][gc,phases    ] GC(0)   Evacuate Collection Set: 4.4ms
[2022-06-27T01:05:40.547+0000][gc,phases    ] GC(0)   Post Evacuate Collection Set: 0.4ms
[2022-06-27T01:05:40.547+0000][gc,phases    ] GC(0)   Other: 0.8ms
[2022-06-27T01:05:40.547+0000][gc,heap      ] GC(0) Eden regions: 38->0(44)
[2022-06-27T01:05:40.547+0000][gc,heap      ] GC(0) Survivor regions: 0->7(7)
[2022-06-27T01:05:40.547+0000][gc,heap      ] GC(0) Old regions: 0->0
[2022-06-27T01:05:40.547+0000][gc,heap      ] GC(0) Humongous regions: 0->0
[2022-06-27T01:05:40.547+0000][gc,metaspace ] GC(0) Metaspace: 20732K->20732K(1069056K)
[2022-06-27T01:05:40.548+0000][gc           ] GC(0) Pause Young (Concurrent Start) (Metadata GC Threshold) 37M->6M(1024M) 5.785ms
[2022-06-27T01:05:40.548+0000][gc,cpu       ] GC(0) User=0.01s Sys=0.00s Real=0.01s
[2022-06-27T01:05:40.548+0000][gc           ] GC(1) Concurrent Cycle
[2022-06-27T01:05:40.548+0000][gc,marking   ] GC(1) Concurrent Clear Claimed Marks
[2022-06-27T01:05:40.548+0000][gc,marking   ] GC(1) Concurrent Clear Claimed Marks 0.024ms
[2022-06-27T01:05:40.548+0000][gc,marking   ] GC(1) Concurrent Scan Root Regions
[2022-06-27T01:05:40.549+0000][gc,marking   ] GC(1) Concurrent Scan Root Regions 1.439ms
[2022-06-27T01:05:40.549+0000][gc,marking   ] GC(1) Concurrent Mark (0.840s)
[2022-06-27T01:05:40.549+0000][gc,marking   ] GC(1) Concurrent Mark From Roots
[2022-06-27T01:05:40.549+0000][gc,task      ] GC(1) Using 2 workers of 2 for marking
[2022-06-27T01:05:40.549+0000][gc,marking   ] GC(1) Concurrent Mark From Roots 0.219ms
[2022-06-27T01:05:40.549+0000][gc,marking   ] GC(1) Concurrent Preclean
[2022-06-27T01:05:40.549+0000][gc,marking   ] GC(1) Concurrent Preclean 0.045ms
[2022-06-27T01:05:40.549+0000][gc,marking   ] GC(1) Concurrent Mark (0.840s, 0.840s) 0.304ms
[2022-06-27T01:05:40.550+0000][gc,start     ] GC(1) Pause Remark
[2022-06-27T01:05:40.551+0000][gc,stringtable] GC(1) Cleaned string and symbol table, strings: 7271 processed, 0 removed, symbols: 63200 processed, 41 removed
[2022-06-27T01:05:40.551+0000][gc            ] GC(1) Pause Remark 6M->6M(1024M) 1.360ms
[2022-06-27T01:05:40.551+0000][gc,cpu        ] GC(1) User=0.00s Sys=0.00s Real=0.00s
[2022-06-27T01:05:40.551+0000][gc,marking    ] GC(1) Concurrent Rebuild Remembered Sets
[2022-06-27T01:05:40.551+0000][gc,marking    ] GC(1) Concurrent Rebuild Remembered Sets 0.080ms
[2022-06-27T01:05:40.551+0000][gc,start      ] GC(1) Pause Cleanup
[2022-06-27T01:05:40.551+0000][gc            ] GC(1) Pause Cleanup 6M->6M(1024M) 0.145ms
[2022-06-27T01:05:40.551+0000][gc,cpu        ] GC(1) User=0.00s Sys=0.00s Real=0.00s
[2022-06-27T01:05:40.551+0000][gc,marking    ] GC(1) Concurrent Cleanup for Next Mark
[2022-06-27T01:05:40.554+0000][gc,marking    ] GC(1) Concurrent Cleanup for Next Mark 2.995ms
[2022-06-27T01:05:40.554+0000][gc            ] GC(1) Concurrent Cycle 6.787ms
[2022-06-27T01:05:41.110+0000][gc,start      ] GC(2) Pause Young (Normal) (G1 Evacuation Pause)
[2022-06-27T01:05:41.110+0000][gc,task       ] GC(2) Using 6 workers of 6 for evacuation
[2022-06-27T01:05:41.114+0000][gc,phases     ] GC(2)   Pre Evacuate Collection Set: 0.0ms
[2022-06-27T01:05:41.114+0000][gc,phases     ] GC(2)   Evacuate Collection Set: 3.9ms
[2022-06-27T01:05:41.114+0000][gc,phases     ] GC(2)   Post Evacuate Collection Set: 0.3ms
[2022-06-27T01:05:41.114+0000][gc,phases     ] GC(2)   Other: 0.1ms
[2022-06-27T01:05:41.114+0000][gc,heap       ] GC(2) Eden regions: 44->0(48)
[2022-06-27T01:05:41.114+0000][gc,heap       ] GC(2) Survivor regions: 7->3(7)
[2022-06-27T01:05:41.114+0000][gc,heap       ] GC(2) Old regions: 0->7
[2022-06-27T01:05:41.114+0000][gc,heap       ] GC(2) Humongous regions: 129->129
[2022-06-27T01:05:41.114+0000][gc,metaspace  ] GC(2) Metaspace: 31111K->31111K(1077248K)
[2022-06-27T01:05:41.114+0000][gc            ] GC(2) Pause Young (Normal) (G1 Evacuation Pause) 179M->137M(1024M) 4.432ms
[2022-06-27T01:05:41.114+0000][gc,cpu        ] GC(2) User=0.01s Sys=0.01s Real=0.01s
[2022-06-27T01:05:41.377+0000][gc,start      ] GC(3) Pause Young (Concurrent Start) (Metadata GC Threshold)
[2022-06-27T01:05:41.377+0000][gc,task       ] GC(3) Using 6 workers of 6 for evacuation
[2022-06-27T01:05:41.380+0000][gc,phases     ] GC(3)   Pre Evacuate Collection Set: 0.1ms
[2022-06-27T01:05:41.380+0000][gc,phases     ] GC(3)   Evacuate Collection Set: 2.6ms
[2022-06-27T01:05:41.380+0000][gc,phases     ] GC(3)   Post Evacuate Collection Set: 0.2ms
[2022-06-27T01:05:41.380+0000][gc,phases     ] GC(3)   Other: 0.2ms
[2022-06-27T01:05:41.380+0000][gc,heap       ] GC(3) Eden regions: 22->0(46)
[2022-06-27T01:05:41.380+0000][gc,heap       ] GC(3) Survivor regions: 3->5(7)
[2022-06-27T01:05:41.380+0000][gc,heap       ] GC(3) Old regions: 7->7
[2022-06-27T01:05:41.380+0000][gc,heap       ] GC(3) Humongous regions: 129->129
[2022-06-27T01:05:41.380+0000][gc,metaspace  ] GC(3) Metaspace: 34759K->34759K(1081344K)
[2022-06-27T01:05:41.380+0000][gc            ] GC(3) Pause Young (Concurrent Start) (Metadata GC Threshold) 159M->139M(1024M) 3.191ms
[2022-06-27T01:05:41.380+0000][gc,cpu        ] GC(3) User=0.01s Sys=0.00s Real=0.00s
[2022-06-27T01:05:41.380+0000][gc            ] GC(4) Concurrent Cycle
[2022-06-27T01:05:41.381+0000][gc,marking    ] GC(4) Concurrent Clear Claimed Marks
[2022-06-27T01:05:41.381+0000][gc,marking    ] GC(4) Concurrent Clear Claimed Marks 0.030ms
[2022-06-27T01:05:41.381+0000][gc,marking    ] GC(4) Concurrent Scan Root Regions
[2022-06-27T01:05:41.382+0000][gc,marking    ] GC(4) Concurrent Scan Root Regions 1.561ms
[2022-06-27T01:05:41.382+0000][gc,marking    ] GC(4) Concurrent Mark (1.673s)
[2022-06-27T01:05:41.382+0000][gc,marking    ] GC(4) Concurrent Mark From Roots
[2022-06-27T01:05:41.382+0000][gc,task       ] GC(4) Using 2 workers of 2 for marking
[2022-06-27T01:05:41.386+0000][gc,marking    ] GC(4) Concurrent Mark From Roots 3.348ms
[2022-06-27T01:05:41.386+0000][gc,marking    ] GC(4) Concurrent Preclean
[2022-06-27T01:05:41.386+0000][gc,marking    ] GC(4) Concurrent Preclean 0.066ms
[2022-06-27T01:05:41.386+0000][gc,marking    ] GC(4) Concurrent Mark (1.673s, 1.676s) 3.483ms
[2022-06-27T01:05:41.386+0000][gc,start      ] GC(4) Pause Remark
[2022-06-27T01:05:41.387+0000][gc,stringtable] GC(4) Cleaned string and symbol table, strings: 13246 processed, 6 removed, symbols: 98298 processed, 26 removed
[2022-06-27T01:05:41.388+0000][gc            ] GC(4) Pause Remark 140M->140M(1024M) 1.793ms
[2022-06-27T01:05:41.388+0000][gc,cpu        ] GC(4) User=0.01s Sys=0.00s Real=0.00s
[2022-06-27T01:05:41.388+0000][gc,marking    ] GC(4) Concurrent Rebuild Remembered Sets
[2022-06-27T01:05:41.390+0000][gc,marking    ] GC(4) Concurrent Rebuild Remembered Sets 1.992ms
[2022-06-27T01:05:41.390+0000][gc,start      ] GC(4) Pause Cleanup
[2022-06-27T01:05:41.390+0000][gc            ] GC(4) Pause Cleanup 140M->140M(1024M) 0.183ms
[2022-06-27T01:05:41.390+0000][gc,cpu        ] GC(4) User=0.00s Sys=0.00s Real=0.00s
[2022-06-27T01:05:41.390+0000][gc,marking    ] GC(4) Concurrent Cleanup for Next Mark
[2022-06-27T01:05:41.393+0000][gc,marking    ] GC(4) Concurrent Cleanup for Next Mark 3.115ms
[2022-06-27T01:05:41.393+0000][gc            ] GC(4) Concurrent Cycle 12.698ms
[2022-06-27T01:06:09.755+0000][gc,start      ] GC(5) Pause Young (Normal) (G1 Evacuation Pause)
[2022-06-27T01:06:09.755+0000][gc,task       ] GC(5) Using 6 workers of 6 for evacuation
[2022-06-27T01:06:09.758+0000][gc,phases     ] GC(5)   Pre Evacuate Collection Set: 0.0ms
[2022-06-27T01:06:09.758+0000][gc,phases     ] GC(5)   Evacuate Collection Set: 3.2ms
[2022-06-27T01:06:09.758+0000][gc,phases     ] GC(5)   Post Evacuate Collection Set: 0.4ms
[2022-06-27T01:06:09.758+0000][gc,phases     ] GC(5)   Other: 0.2ms
[2022-06-27T01:06:09.758+0000][gc,heap       ] GC(5) Eden regions: 46->0(45)
[2022-06-27T01:06:09.758+0000][gc,heap       ] GC(5) Survivor regions: 5->6(7)
[2022-06-27T01:06:09.758+0000][gc,heap       ] GC(5) Old regions: 7->9
[2022-06-27T01:06:09.758+0000][gc,heap       ] GC(5) Humongous regions: 129->129
[2022-06-27T01:06:09.758+0000][gc,metaspace  ] GC(5) Metaspace: 43232K->43232K(1087488K)
[2022-06-27T01:06:09.758+0000][gc            ] GC(5) Pause Young (Normal) (G1 Evacuation Pause) 185M->142M(1024M) 3.900ms
[2022-06-27T01:06:09.758+0000][gc,cpu        ] GC(5) User=0.01s Sys=0.01s Real=0.00s
[2022-06-27T01:08:44.410+0000][gc,start      ] GC(6) Pause Young (Normal) (G1 Evacuation Pause)
[2022-06-27T01:08:44.410+0000][gc,task       ] GC(6) Using 6 workers of 6 for evacuation
[2022-06-27T01:08:44.414+0000][gc,phases     ] GC(6)   Pre Evacuate Collection Set: 0.0ms
[2022-06-27T01:08:44.414+0000][gc,phases     ] GC(6)   Evacuate Collection Set: 3.3ms
[2022-06-27T01:08:44.414+0000][gc,phases     ] GC(6)   Post Evacuate Collection Set: 0.6ms
[2022-06-27T01:08:44.414+0000][gc,phases     ] GC(6)   Other: 0.3ms
[2022-06-27T01:08:44.414+0000][gc,heap       ] GC(6) Eden regions: 45->0(44)
[2022-06-27T01:08:44.414+0000][gc,heap       ] GC(6) Survivor regions: 6->7(7)
[2022-06-27T01:08:44.414+0000][gc,heap       ] GC(6) Old regions: 9->11
[2022-06-27T01:08:44.414+0000][gc,heap       ] GC(6) Humongous regions: 129->129
[2022-06-27T01:08:44.414+0000][gc,metaspace  ] GC(6) Metaspace: 46734K->46734K(1091584K)
[2022-06-27T01:08:44.414+0000][gc            ] GC(6) Pause Young (Normal) (G1 Evacuation Pause) 187M->145M(1024M) 4.240ms
[2022-06-27T01:08:44.414+0000][gc,cpu        ] GC(6) User=0.02s Sys=0.00s Real=0.01s
[2022-06-27T01:11:57.258+0000][gc,start      ] GC(7) Pause Young (Normal) (G1 Evacuation Pause)
[2022-06-27T01:11:57.258+0000][gc,task       ] GC(7) Using 6 workers of 6 for evacuation
[2022-06-27T01:11:57.261+0000][gc,phases     ] GC(7)   Pre Evacuate Collection Set: 0.0ms
[2022-06-27T01:11:57.261+0000][gc,phases     ] GC(7)   Evacuate Collection Set: 2.5ms
[2022-06-27T01:11:57.261+0000][gc,phases     ] GC(7)   Post Evacuate Collection Set: 0.3ms
[2022-06-27T01:11:57.261+0000][gc,phases     ] GC(7)   Other: 0.2ms
[2022-06-27T01:11:57.261+0000][gc,heap       ] GC(7) Eden regions: 44->0(48)
[2022-06-27T01:11:57.261+0000][gc,heap       ] GC(7) Survivor regions: 7->3(7)
[2022-06-27T01:11:57.261+0000][gc,heap       ] GC(7) Old regions: 11->15
[2022-06-27T01:11:57.261+0000][gc,heap       ] GC(7) Humongous regions: 129->129
[2022-06-27T01:11:57.261+0000][gc,metaspace  ] GC(7) Metaspace: 46887K->46887K(1091584K)
[2022-06-27T01:11:57.261+0000][gc            ] GC(7) Pause Young (Normal) (G1 Evacuation Pause) 189M->145M(1024M) 3.025ms
[2022-06-27T01:11:57.261+0000][gc,cpu        ] GC(7) User=0.02s Sys=0.00s Real=0.00s
[2022-06-27T01:15:42.408+0000][gc,start      ] GC(8) Pause Young (Normal) (G1 Evacuation Pause)
[2022-06-27T01:15:42.408+0000][gc,task       ] GC(8) Using 6 workers of 6 for evacuation
[2022-06-27T01:15:42.412+0000][gc,phases     ] GC(8)   Pre Evacuate Collection Set: 0.0ms
[2022-06-27T01:15:42.412+0000][gc,phases     ] GC(8)   Evacuate Collection Set: 3.9ms
[2022-06-27T01:15:42.412+0000][gc,phases     ] GC(8)   Post Evacuate Collection Set: 0.3ms
[2022-06-27T01:15:42.412+0000][gc,phases     ] GC(8)   Other: 0.2ms
[2022-06-27T01:15:42.412+0000][gc,heap       ] GC(8) Eden regions: 48->0(44)
[2022-06-27T01:15:42.412+0000][gc,heap       ] GC(8) Survivor regions: 3->7(7)
[2022-06-27T01:15:42.412+0000][gc,heap       ] GC(8) Old regions: 15->15
[2022-06-27T01:15:42.412+0000][gc,heap       ] GC(8) Humongous regions: 129->129
[2022-06-27T01:15:42.412+0000][gc,metaspace  ] GC(8) Metaspace: 46970K->46970K(1091584K)
[2022-06-27T01:15:42.412+0000][gc            ] GC(8) Pause Young (Normal) (G1 Evacuation Pause) 193M->149M(1024M) 4.428ms
[2022-06-27T01:15:42.412+0000][gc,cpu        ] GC(8) User=0.02s Sys=0.00s Real=0.01s
[2022-06-27T01:19:17.133+0000][gc,start      ] GC(9) Pause Young (Normal) (G1 Evacuation Pause)
[2022-06-27T01:19:17.133+0000][gc,task       ] GC(9) Using 6 workers of 6 for evacuation
[2022-06-27T01:19:17.139+0000][gc,phases     ] GC(9)   Pre Evacuate Collection Set: 0.0ms
[2022-06-27T01:19:17.139+0000][gc,phases     ] GC(9)   Evacuate Collection Set: 5.0ms
[2022-06-27T01:19:17.139+0000][gc,phases     ] GC(9)   Post Evacuate Collection Set: 0.3ms
[2022-06-27T01:19:17.139+0000][gc,phases     ] GC(9)   Other: 0.2ms
[2022-06-27T01:19:17.139+0000][gc,heap       ] GC(9) Eden regions: 44->0(46)
[2022-06-27T01:19:17.139+0000][gc,heap       ] GC(9) Survivor regions: 7->5(7)
[2022-06-27T01:19:17.139+0000][gc,heap       ] GC(9) Old regions: 15->20
[2022-06-27T01:19:17.139+0000][gc,heap       ] GC(9) Humongous regions: 129->129
[2022-06-27T01:19:17.139+0000][gc,metaspace  ] GC(9) Metaspace: 47026K->47026K(1091584K)
[2022-06-27T01:19:17.139+0000][gc            ] GC(9) Pause Young (Normal) (G1 Evacuation Pause) 193M->153M(1024M) 5.567ms
[2022-06-27T01:19:17.139+0000][gc,cpu        ] GC(9) User=0.02s Sys=0.00s Real=0.00s
[2022-06-27T01:23:04.359+0000][gc,start      ] GC(10) Pause Young (Normal) (G1 Evacuation Pause)
[2022-06-27T01:23:04.359+0000][gc,task       ] GC(10) Using 6 workers of 6 for evacuation
[2022-06-27T01:23:04.365+0000][gc,phases     ] GC(10)   Pre Evacuate Collection Set: 0.0ms
[2022-06-27T01:23:04.365+0000][gc,phases     ] GC(10)   Evacuate Collection Set: 4.8ms
[2022-06-27T01:23:04.365+0000][gc,phases     ] GC(10)   Post Evacuate Collection Set: 0.2ms
[2022-06-27T01:23:04.365+0000][gc,phases     ] GC(10)   Other: 0.5ms
[2022-06-27T01:23:04.365+0000][gc,heap       ] GC(10) Eden regions: 46->0(45)
[2022-06-27T01:23:04.365+0000][gc,heap       ] GC(10) Survivor regions: 5->6(7)
[2022-06-27T01:23:04.365+0000][gc,heap       ] GC(10) Old regions: 20->24
[2022-06-27T01:23:04.365+0000][gc,heap       ] GC(10) Humongous regions: 129->129
[2022-06-27T01:23:04.365+0000][gc,metaspace  ] GC(10) Metaspace: 47070K->47070K(1091584K)
[2022-06-27T01:23:04.365+0000][gc            ] GC(10) Pause Young (Normal) (G1 Evacuation Pause) 199M->158M(1024M) 5.596ms
[2022-06-27T01:23:04.365+0000][gc,cpu        ] GC(10) User=0.02s Sys=0.01s Real=0.01s
[2022-06-27T01:26:47.639+0000][gc,start      ] GC(11) Pause Young (Normal) (G1 Evacuation Pause)
[2022-06-27T01:26:47.639+0000][gc,task       ] GC(11) Using 6 workers of 6 for evacuation
[2022-06-27T01:26:47.646+0000][gc,phases     ] GC(11)   Pre Evacuate Collection Set: 0.0ms
[2022-06-27T01:26:47.646+0000][gc,phases     ] GC(11)   Evacuate Collection Set: 6.1ms
[2022-06-27T01:26:47.646+0000][gc,phases     ] GC(11)   Post Evacuate Collection Set: 0.3ms
[2022-06-27T01:26:47.646+0000][gc,phases     ] GC(11)   Other: 0.2ms
[2022-06-27T01:26:47.646+0000][gc,heap       ] GC(11) Eden regions: 45->0(50)
[2022-06-27T01:26:47.646+0000][gc,heap       ] GC(11) Survivor regions: 6->6(7)
[2022-06-27T01:26:47.646+0000][gc,heap       ] GC(11) Old regions: 24->29
[2022-06-27T01:26:47.646+0000][gc,heap       ] GC(11) Humongous regions: 129->129
[2022-06-27T01:26:47.646+0000][gc,metaspace  ] GC(11) Metaspace: 47087K->47087K(1091584K)
[2022-06-27T01:26:47.646+0000][gc            ] GC(11) Pause Young (Normal) (G1 Evacuation Pause) 203M->162M(1024M) 6.848ms
[2022-06-27T01:26:47.646+0000][gc,cpu        ] GC(11) User=0.03s Sys=0.00s Real=0.01s
[2022-06-27T01:30:57.373+0000][gc,start      ] GC(12) Pause Young (Normal) (G1 Evacuation Pause)
[2022-06-27T01:30:57.373+0000][gc,task       ] GC(12) Using 6 workers of 6 for evacuation
[2022-06-27T01:30:57.379+0000][gc,phases     ] GC(12)   Pre Evacuate Collection Set: 0.0ms
[2022-06-27T01:30:57.379+0000][gc,phases     ] GC(12)   Evacuate Collection Set: 5.8ms
[2022-06-27T01:30:57.379+0000][gc,phases     ] GC(12)   Post Evacuate Collection Set: 0.2ms
[2022-06-27T01:30:57.379+0000][gc,phases     ] GC(12)   Other: 0.2ms
[2022-06-27T01:30:57.379+0000][gc,heap       ] GC(12) Eden regions: 50->0(338)
[2022-06-27T01:30:57.379+0000][gc,heap       ] GC(12) Survivor regions: 6->7(7)
[2022-06-27T01:30:57.379+0000][gc,heap       ] GC(12) Old regions: 29->33
[2022-06-27T01:30:57.379+0000][gc,heap       ] GC(12) Humongous regions: 129->129
[2022-06-27T01:30:57.379+0000][gc,metaspace  ] GC(12) Metaspace: 47134K->47134K(1091584K)
[2022-06-27T01:30:57.379+0000][gc            ] GC(12) Pause Young (Normal) (G1 Evacuation Pause) 212M->168M(1024M) 6.313ms
[2022-06-27T01:30:57.379+0000][gc,cpu        ] GC(12) User=0.03s Sys=0.00s Real=0.00s
[2022-06-27T01:58:56.774+0000][gc,start      ] GC(13) Pause Young (Normal) (G1 Evacuation Pause)
[2022-06-27T01:58:56.774+0000][gc,task       ] GC(13) Using 6 workers of 6 for evacuation
[2022-06-27T01:58:56.798+0000][gc,mmu        ] GC(13) MMU target violated: 21.0ms (20.0ms/21.0ms)
[2022-06-27T01:58:56.798+0000][gc,phases     ] GC(13)   Pre Evacuate Collection Set: 0.0ms
[2022-06-27T01:58:56.798+0000][gc,phases     ] GC(13)   Evacuate Collection Set: 23.8ms
[2022-06-27T01:58:56.798+0000][gc,phases     ] GC(13)   Post Evacuate Collection Set: 0.4ms
[2022-06-27T01:58:56.799+0000][gc,phases     ] GC(13)   Other: 0.7ms
[2022-06-27T01:58:56.799+0000][gc,heap       ] GC(13) Eden regions: 338->0(67)
[2022-06-27T01:58:56.799+0000][gc,heap       ] GC(13) Survivor regions: 7->37(44)
[2022-06-27T01:58:56.799+0000][gc,heap       ] GC(13) Old regions: 33->33
[2022-06-27T01:58:56.799+0000][gc,heap       ] GC(13) Humongous regions: 129->129
[2022-06-27T01:58:56.799+0000][gc,metaspace  ] GC(13) Metaspace: 47569K->47569K(1091584K)
[2022-06-27T01:58:56.799+0000][gc            ] GC(13) Pause Young (Normal) (G1 Evacuation Pause) 506M->198M(1024M) 24.906ms
[2022-06-27T01:58:56.799+0000][gc,cpu        ] GC(13) User=0.14s Sys=0.01s Real=0.02s
[2022-06-27T02:03:44.359+0000][gc,start      ] GC(14) Pause Young (Normal) (G1 Evacuation Pause)
[2022-06-27T02:03:44.359+0000][gc,task       ] GC(14) Using 6 workers of 6 for evacuation
[2022-06-27T02:03:44.376+0000][gc,phases     ] GC(14)   Pre Evacuate Collection Set: 0.0ms
[2022-06-27T02:03:44.376+0000][gc,phases     ] GC(14)   Evacuate Collection Set: 16.1ms
[2022-06-27T02:03:44.376+0000][gc,phases     ] GC(14)   Post Evacuate Collection Set: 0.4ms
[2022-06-27T02:03:44.376+0000][gc,phases     ] GC(14)   Other: 0.2ms
[2022-06-27T02:03:44.376+0000][gc,heap       ] GC(14) Eden regions: 59->0(75)
[2022-06-27T02:03:44.376+0000][gc,heap       ] GC(14) Survivor regions: 37->8(12)
[2022-06-27T02:03:44.376+0000][gc,heap       ] GC(14) Old regions: 33->69
[2022-06-27T02:03:44.376+0000][gc,heap       ] GC(14) Humongous regions: 129->129
[2022-06-27T02:03:44.376+0000][gc,metaspace  ] GC(14) Metaspace: 47611K->47611K(1091584K)
[2022-06-27T02:03:44.376+0000][gc            ] GC(14) Pause Young (Normal) (G1 Evacuation Pause) 257M->205M(1024M) 16.737ms
[2022-06-27T02:03:44.376+0000][gc,cpu        ] GC(14) User=0.09s Sys=0.01s Real=0.02s
[2022-06-27T02:09:22.647+0000][gc,start      ] GC(15) Pause Young (Normal) (G1 Evacuation Pause)
[2022-06-27T02:09:22.647+0000][gc,task       ] GC(15) Using 6 workers of 6 for evacuation
[2022-06-27T02:09:22.653+0000][gc,phases     ] GC(15)   Pre Evacuate Collection Set: 0.0ms
[2022-06-27T02:09:22.653+0000][gc,phases     ] GC(15)   Evacuate Collection Set: 5.2ms
[2022-06-27T02:09:22.653+0000][gc,phases     ] GC(15)   Post Evacuate Collection Set: 0.3ms
[2022-06-27T02:09:22.653+0000][gc,phases     ] GC(15)   Other: 0.2ms
[2022-06-27T02:09:22.653+0000][gc,heap       ] GC(15) Eden regions: 75->0(108)
[2022-06-27T02:09:22.653+0000][gc,heap       ] GC(15) Survivor regions: 8->7(11)
[2022-06-27T02:09:22.653+0000][gc,heap       ] GC(15) Old regions: 69->75
[2022-06-27T02:09:22.653+0000][gc,heap       ] GC(15) Humongous regions: 129->129
[2022-06-27T02:09:22.653+0000][gc,metaspace  ] GC(15) Metaspace: 47740K->47740K(1093632K)
[2022-06-27T02:09:22.653+0000][gc            ] GC(15) Pause Young (Normal) (G1 Evacuation Pause) 280M->211M(1024M) 5.745ms
[2022-06-27T02:09:22.653+0000][gc,cpu        ] GC(15) User=0.03s Sys=0.00s Real=0.01s
[2022-06-27T02:17:12.837+0000][gc,start      ] GC(16) Pause Young (Normal) (G1 Evacuation Pause)
[2022-06-27T02:17:12.837+0000][gc,task       ] GC(16) Using 6 workers of 6 for evacuation
[2022-06-27T02:17:12.841+0000][gc,phases     ] GC(16)   Pre Evacuate Collection Set: 0.0ms
[2022-06-27T02:17:12.841+0000][gc,phases     ] GC(16)   Evacuate Collection Set: 3.6ms
[2022-06-27T02:17:12.841+0000][gc,phases     ] GC(16)   Post Evacuate Collection Set: 0.3ms
[2022-06-27T02:17:12.841+0000][gc,phases     ] GC(16)   Other: 0.2ms
[2022-06-27T02:17:12.841+0000][gc,heap       ] GC(16) Eden regions: 97->0(175)
[2022-06-27T02:17:12.841+0000][gc,heap       ] GC(16) Survivor regions: 7->7(13)
[2022-06-27T02:17:12.841+0000][gc,heap       ] GC(16) Old regions: 75->75
[2022-06-27T02:17:12.841+0000][gc,heap       ] GC(16) Humongous regions: 129->129
[2022-06-27T02:17:12.841+0000][gc,metaspace  ] GC(16) Metaspace: 47768K->47768K(1093632K)
[2022-06-27T02:17:12.841+0000][gc            ] GC(16) Pause Young (Normal) (G1 Evacuation Pause) 308M->211M(1024M) 4.159ms
[2022-06-27T02:17:12.841+0000][gc,cpu        ] GC(16) User=0.03s Sys=0.00s Real=0.00s
[2022-06-27T02:30:53.112+0000][gc,start      ] GC(17) Pause Young (Normal) (G1 Evacuation Pause)
[2022-06-27T02:30:53.112+0000][gc,task       ] GC(17) Using 6 workers of 6 for evacuation
[2022-06-27T02:30:53.116+0000][gc,phases     ] GC(17)   Pre Evacuate Collection Set: 0.0ms
[2022-06-27T02:30:53.116+0000][gc,phases     ] GC(17)   Evacuate Collection Set: 3.1ms
[2022-06-27T02:30:53.116+0000][gc,phases     ] GC(17)   Post Evacuate Collection Set: 0.4ms
[2022-06-27T02:30:53.116+0000][gc,phases     ] GC(17)   Other: 0.5ms
[2022-06-27T02:30:53.116+0000][gc,heap       ] GC(17) Eden regions: 168->0(246)
[2022-06-27T02:30:53.116+0000][gc,heap       ] GC(17) Survivor regions: 7->7(22)
[2022-06-27T02:30:53.116+0000][gc,heap       ] GC(17) Old regions: 75->75
[2022-06-27T02:30:53.116+0000][gc,heap       ] GC(17) Humongous regions: 129->129
[2022-06-27T02:30:53.116+0000][gc,metaspace  ] GC(17) Metaspace: 47816K->47816K(1093632K)
[2022-06-27T02:30:53.116+0000][gc            ] GC(17) Pause Young (Normal) (G1 Evacuation Pause) 379M->211M(1024M) 4.082ms
[2022-06-27T02:30:53.116+0000][gc,cpu        ] GC(17) User=0.02s Sys=0.01s Real=0.00s
