[2022-06-24T05:55:32.588+0000][gc,heap] Heap region size: 1M
[2022-06-24T05:55:32.596+0000][gc     ] Using G1
[2022-06-24T05:55:32.596+0000][gc,heap,coops] Heap address: 0x00000000c0000000, size: 1024 MB, Compressed Oops mode: 32-bit
[2022-06-24T05:55:33.498+0000][gc,start     ] GC(0) Pause Young (Concurrent Start) (Metadata GC Threshold)
[2022-06-24T05:55:33.499+0000][gc,task      ] GC(0) Using 13 workers of 13 for evacuation
[2022-06-24T05:55:33.505+0000][gc,phases    ] GC(0)   Pre Evacuate Collection Set: 0.0ms
[2022-06-24T05:55:33.505+0000][gc,phases    ] GC(0)   Evacuate Collection Set: 5.5ms
[2022-06-24T05:55:33.505+0000][gc,phases    ] GC(0)   Post Evacuate Collection Set: 0.4ms
[2022-06-24T05:55:33.505+0000][gc,phases    ] GC(0)   Other: 1.3ms
[2022-06-24T05:55:33.505+0000][gc,heap      ] GC(0) Eden regions: 39->0(44)
[2022-06-24T05:55:33.505+0000][gc,heap      ] GC(0) Survivor regions: 0->7(7)
[2022-06-24T05:55:33.505+0000][gc,heap      ] GC(0) Old regions: 0->0
[2022-06-24T05:55:33.505+0000][gc,heap      ] GC(0) Humongous regions: 0->0
[2022-06-24T05:55:33.505+0000][gc,metaspace ] GC(0) Metaspace: 20763K->20763K(1069056K)
[2022-06-24T05:55:33.505+0000][gc           ] GC(0) Pause Young (Concurrent Start) (Metadata GC Threshold) 39M->6M(1024M) 7.272ms
[2022-06-24T05:55:33.505+0000][gc,cpu       ] GC(0) User=0.01s Sys=0.01s Real=0.01s
[2022-06-24T05:55:33.505+0000][gc           ] GC(1) Concurrent Cycle
[2022-06-24T05:55:33.505+0000][gc,marking   ] GC(1) Concurrent Clear Claimed Marks
[2022-06-24T05:55:33.505+0000][gc,marking   ] GC(1) Concurrent Clear Claimed Marks 0.012ms
[2022-06-24T05:55:33.505+0000][gc,marking   ] GC(1) Concurrent Scan Root Regions
[2022-06-24T05:55:33.506+0000][gc,marking   ] GC(1) Concurrent Scan Root Regions 1.033ms
[2022-06-24T05:55:33.506+0000][gc,marking   ] GC(1) Concurrent Mark (0.921s)
[2022-06-24T05:55:33.506+0000][gc,marking   ] GC(1) Concurrent Mark From Roots
[2022-06-24T05:55:33.506+0000][gc,task      ] GC(1) Using 3 workers of 3 for marking
[2022-06-24T05:55:33.506+0000][gc,marking   ] GC(1) Concurrent Mark From Roots 0.243ms
[2022-06-24T05:55:33.506+0000][gc,marking   ] GC(1) Concurrent Preclean
[2022-06-24T05:55:33.507+0000][gc,marking   ] GC(1) Concurrent Preclean 0.056ms
[2022-06-24T05:55:33.507+0000][gc,marking   ] GC(1) Concurrent Mark (0.921s, 0.921s) 0.325ms
[2022-06-24T05:55:33.507+0000][gc,start     ] GC(1) Pause Remark
[2022-06-24T05:55:33.508+0000][gc,stringtable] GC(1) Cleaned string and symbol table, strings: 7267 processed, 0 removed, symbols: 63170 processed, 41 removed
[2022-06-24T05:55:33.508+0000][gc            ] GC(1) Pause Remark 6M->6M(1024M) 1.529ms
[2022-06-24T05:55:33.508+0000][gc,cpu        ] GC(1) User=0.01s Sys=0.00s Real=0.00s
[2022-06-24T05:55:33.508+0000][gc,marking    ] GC(1) Concurrent Rebuild Remembered Sets
[2022-06-24T05:55:33.508+0000][gc,marking    ] GC(1) Concurrent Rebuild Remembered Sets 0.077ms
[2022-06-24T05:55:33.509+0000][gc,start      ] GC(1) Pause Cleanup
[2022-06-24T05:55:33.509+0000][gc            ] GC(1) Pause Cleanup 6M->6M(1024M) 0.188ms
[2022-06-24T05:55:33.509+0000][gc,cpu        ] GC(1) User=0.00s Sys=0.00s Real=0.00s
[2022-06-24T05:55:33.509+0000][gc,marking    ] GC(1) Concurrent Cleanup for Next Mark
[2022-06-24T05:55:33.511+0000][gc,marking    ] GC(1) Concurrent Cleanup for Next Mark 2.118ms
[2022-06-24T05:55:33.511+0000][gc            ] GC(1) Concurrent Cycle 5.881ms
[2022-06-24T05:55:34.085+0000][gc,start      ] GC(2) Pause Young (Normal) (G1 Evacuation Pause)
[2022-06-24T05:55:34.085+0000][gc,task       ] GC(2) Using 13 workers of 13 for evacuation
[2022-06-24T05:55:34.090+0000][gc,phases     ] GC(2)   Pre Evacuate Collection Set: 0.0ms
[2022-06-24T05:55:34.090+0000][gc,phases     ] GC(2)   Evacuate Collection Set: 3.9ms
[2022-06-24T05:55:34.090+0000][gc,phases     ] GC(2)   Post Evacuate Collection Set: 0.5ms
[2022-06-24T05:55:34.090+0000][gc,phases     ] GC(2)   Other: 0.1ms
[2022-06-24T05:55:34.090+0000][gc,heap       ] GC(2) Eden regions: 44->0(48)
[2022-06-24T05:55:34.090+0000][gc,heap       ] GC(2) Survivor regions: 7->3(7)
[2022-06-24T05:55:34.090+0000][gc,heap       ] GC(2) Old regions: 0->7
[2022-06-24T05:55:34.090+0000][gc,heap       ] GC(2) Humongous regions: 129->129
[2022-06-24T05:55:34.090+0000][gc,metaspace  ] GC(2) Metaspace: 31017K->31017K(1077248K)
[2022-06-24T05:55:34.090+0000][gc            ] GC(2) Pause Young (Normal) (G1 Evacuation Pause) 179M->137M(1024M) 4.678ms
[2022-06-24T05:55:34.090+0000][gc,cpu        ] GC(2) User=0.04s Sys=0.01s Real=0.00s
[2022-06-24T05:55:34.354+0000][gc,start      ] GC(3) Pause Young (Concurrent Start) (Metadata GC Threshold)
[2022-06-24T05:55:34.354+0000][gc,task       ] GC(3) Using 13 workers of 13 for evacuation
[2022-06-24T05:55:34.356+0000][gc,phases     ] GC(3)   Pre Evacuate Collection Set: 0.1ms
[2022-06-24T05:55:34.356+0000][gc,phases     ] GC(3)   Evacuate Collection Set: 1.5ms
[2022-06-24T05:55:34.356+0000][gc,phases     ] GC(3)   Post Evacuate Collection Set: 0.3ms
[2022-06-24T05:55:34.356+0000][gc,phases     ] GC(3)   Other: 0.2ms
[2022-06-24T05:55:34.356+0000][gc,heap       ] GC(3) Eden regions: 23->0(46)
[2022-06-24T05:55:34.356+0000][gc,heap       ] GC(3) Survivor regions: 3->5(7)
[2022-06-24T05:55:34.356+0000][gc,heap       ] GC(3) Old regions: 7->7
[2022-06-24T05:55:34.356+0000][gc,heap       ] GC(3) Humongous regions: 129->129
[2022-06-24T05:55:34.356+0000][gc,metaspace  ] GC(3) Metaspace: 34957K->34957K(1081344K)
[2022-06-24T05:55:34.356+0000][gc            ] GC(3) Pause Young (Concurrent Start) (Metadata GC Threshold) 159M->139M(1024M) 2.080ms
[2022-06-24T05:55:34.356+0000][gc,cpu        ] GC(3) User=0.02s Sys=0.00s Real=0.01s
[2022-06-24T05:55:34.356+0000][gc            ] GC(4) Concurrent Cycle
[2022-06-24T05:55:34.356+0000][gc,marking    ] GC(4) Concurrent Clear Claimed Marks
[2022-06-24T05:55:34.356+0000][gc,marking    ] GC(4) Concurrent Clear Claimed Marks 0.020ms
[2022-06-24T05:55:34.356+0000][gc,marking    ] GC(4) Concurrent Scan Root Regions
[2022-06-24T05:55:34.357+0000][gc,marking    ] GC(4) Concurrent Scan Root Regions 0.992ms
[2022-06-24T05:55:34.357+0000][gc,marking    ] GC(4) Concurrent Mark (1.772s)
[2022-06-24T05:55:34.357+0000][gc,marking    ] GC(4) Concurrent Mark From Roots
[2022-06-24T05:55:34.357+0000][gc,task       ] GC(4) Using 3 workers of 3 for marking
[2022-06-24T05:55:34.362+0000][gc,marking    ] GC(4) Concurrent Mark From Roots 4.668ms
[2022-06-24T05:55:34.362+0000][gc,marking    ] GC(4) Concurrent Preclean
[2022-06-24T05:55:34.362+0000][gc,marking    ] GC(4) Concurrent Preclean 0.129ms
[2022-06-24T05:55:34.362+0000][gc,marking    ] GC(4) Concurrent Mark (1.772s, 1.777s) 4.851ms
[2022-06-24T05:55:34.363+0000][gc,start      ] GC(4) Pause Remark
[2022-06-24T05:55:34.364+0000][gc,stringtable] GC(4) Cleaned string and symbol table, strings: 13226 processed, 6 removed, symbols: 98292 processed, 26 removed
[2022-06-24T05:55:34.365+0000][gc            ] GC(4) Pause Remark 140M->140M(1024M) 2.014ms
[2022-06-24T05:55:34.365+0000][gc,cpu        ] GC(4) User=0.01s Sys=0.00s Real=0.01s
[2022-06-24T05:55:34.365+0000][gc,marking    ] GC(4) Concurrent Rebuild Remembered Sets
[2022-06-24T05:55:34.366+0000][gc,marking    ] GC(4) Concurrent Rebuild Remembered Sets 1.762ms
[2022-06-24T05:55:34.367+0000][gc,start      ] GC(4) Pause Cleanup
[2022-06-24T05:55:34.367+0000][gc            ] GC(4) Pause Cleanup 140M->140M(1024M) 0.250ms
[2022-06-24T05:55:34.367+0000][gc,cpu        ] GC(4) User=0.00s Sys=0.01s Real=0.00s
[2022-06-24T05:55:34.367+0000][gc,marking    ] GC(4) Concurrent Cleanup for Next Mark
[2022-06-24T05:55:34.369+0000][gc,marking    ] GC(4) Concurrent Cleanup for Next Mark 2.351ms
[2022-06-24T05:55:34.369+0000][gc            ] GC(4) Concurrent Cycle 12.902ms
[2022-06-24T05:55:58.553+0000][gc,start      ] GC(5) Pause Young (Normal) (G1 Evacuation Pause)
[2022-06-24T05:55:58.553+0000][gc,task       ] GC(5) Using 13 workers of 13 for evacuation
[2022-06-24T05:55:58.559+0000][gc,phases     ] GC(5)   Pre Evacuate Collection Set: 0.0ms
[2022-06-24T05:55:58.559+0000][gc,phases     ] GC(5)   Evacuate Collection Set: 5.2ms
[2022-06-24T05:55:58.559+0000][gc,phases     ] GC(5)   Post Evacuate Collection Set: 0.9ms
[2022-06-24T05:55:58.559+0000][gc,phases     ] GC(5)   Other: 0.2ms
[2022-06-24T05:55:58.559+0000][gc,heap       ] GC(5) Eden regions: 46->0(46)
[2022-06-24T05:55:58.559+0000][gc,heap       ] GC(5) Survivor regions: 5->5(7)
[2022-06-24T05:55:58.559+0000][gc,heap       ] GC(5) Old regions: 7->9
[2022-06-24T05:55:58.559+0000][gc,heap       ] GC(5) Humongous regions: 129->129
[2022-06-24T05:55:58.559+0000][gc,metaspace  ] GC(5) Metaspace: 43377K->43377K(1089536K)
[2022-06-24T05:55:58.559+0000][gc            ] GC(5) Pause Young (Normal) (G1 Evacuation Pause) 185M->142M(1024M) 6.476ms
[2022-06-24T05:55:58.559+0000][gc,cpu        ] GC(5) User=0.04s Sys=0.00s Real=0.01s
[2022-06-24T05:58:56.127+0000][gc,start      ] GC(6) Pause Young (Normal) (G1 Evacuation Pause)
[2022-06-24T05:58:56.127+0000][gc,task       ] GC(6) Using 13 workers of 13 for evacuation
[2022-06-24T05:58:56.132+0000][gc,phases     ] GC(6)   Pre Evacuate Collection Set: 0.1ms
[2022-06-24T05:58:56.132+0000][gc,phases     ] GC(6)   Evacuate Collection Set: 3.9ms
[2022-06-24T05:58:56.132+0000][gc,phases     ] GC(6)   Post Evacuate Collection Set: 0.6ms
[2022-06-24T05:58:56.132+0000][gc,phases     ] GC(6)   Other: 0.5ms
[2022-06-24T05:58:56.132+0000][gc,heap       ] GC(6) Eden regions: 46->0(45)
[2022-06-24T05:58:56.132+0000][gc,heap       ] GC(6) Survivor regions: 5->6(7)
[2022-06-24T05:58:56.132+0000][gc,heap       ] GC(6) Old regions: 9->11
[2022-06-24T05:58:56.132+0000][gc,heap       ] GC(6) Humongous regions: 129->129
[2022-06-24T05:58:56.132+0000][gc,metaspace  ] GC(6) Metaspace: 46951K->46951K(1091584K)
[2022-06-24T05:58:56.132+0000][gc            ] GC(6) Pause Young (Normal) (G1 Evacuation Pause) 188M->144M(1024M) 5.083ms
[2022-06-24T05:58:56.132+0000][gc,cpu        ] GC(6) User=0.04s Sys=0.00s Real=0.00s
[2022-06-24T06:02:14.867+0000][gc,start      ] GC(7) Pause Young (Normal) (G1 Evacuation Pause)
[2022-06-24T06:02:14.868+0000][gc,task       ] GC(7) Using 13 workers of 13 for evacuation
[2022-06-24T06:02:14.870+0000][gc,phases     ] GC(7)   Pre Evacuate Collection Set: 0.0ms
[2022-06-24T06:02:14.870+0000][gc,phases     ] GC(7)   Evacuate Collection Set: 2.2ms
[2022-06-24T06:02:14.870+0000][gc,phases     ] GC(7)   Post Evacuate Collection Set: 0.5ms
[2022-06-24T06:02:14.870+0000][gc,phases     ] GC(7)   Other: 0.4ms
[2022-06-24T06:02:14.870+0000][gc,heap       ] GC(7) Eden regions: 45->0(47)
[2022-06-24T06:02:14.870+0000][gc,heap       ] GC(7) Survivor regions: 6->4(7)
[2022-06-24T06:02:14.870+0000][gc,heap       ] GC(7) Old regions: 11->13
[2022-06-24T06:02:14.870+0000][gc,heap       ] GC(7) Humongous regions: 129->129
[2022-06-24T06:02:14.870+0000][gc,metaspace  ] GC(7) Metaspace: 47283K->47283K(1091584K)
[2022-06-24T06:02:14.870+0000][gc            ] GC(7) Pause Young (Normal) (G1 Evacuation Pause) 189M->145M(1024M) 3.149ms
[2022-06-24T06:02:14.871+0000][gc,cpu        ] GC(7) User=0.03s Sys=0.00s Real=0.00s
[2022-06-24T06:05:48.925+0000][gc,start      ] GC(8) Pause Young (Normal) (G1 Evacuation Pause)
[2022-06-24T06:05:48.925+0000][gc,task       ] GC(8) Using 13 workers of 13 for evacuation
[2022-06-24T06:05:48.927+0000][gc,phases     ] GC(8)   Pre Evacuate Collection Set: 0.0ms
[2022-06-24T06:05:48.927+0000][gc,phases     ] GC(8)   Evacuate Collection Set: 1.5ms
[2022-06-24T06:05:48.927+0000][gc,phases     ] GC(8)   Post Evacuate Collection Set: 0.4ms
[2022-06-24T06:05:48.927+0000][gc,phases     ] GC(8)   Other: 0.2ms
[2022-06-24T06:05:48.927+0000][gc,heap       ] GC(8) Eden regions: 47->0(46)
[2022-06-24T06:05:48.927+0000][gc,heap       ] GC(8) Survivor regions: 4->5(7)
[2022-06-24T06:05:48.927+0000][gc,heap       ] GC(8) Old regions: 13->13
[2022-06-24T06:05:48.927+0000][gc,heap       ] GC(8) Humongous regions: 129->129
[2022-06-24T06:05:48.927+0000][gc,metaspace  ] GC(8) Metaspace: 47445K->47445K(1091584K)
[2022-06-24T06:05:48.927+0000][gc            ] GC(8) Pause Young (Normal) (G1 Evacuation Pause) 192M->146M(1024M) 2.180ms
[2022-06-24T06:05:48.927+0000][gc,cpu        ] GC(8) User=0.02s Sys=0.00s Real=0.00s
[2022-06-24T06:09:27.767+0000][gc,start      ] GC(9) Pause Young (Normal) (G1 Evacuation Pause)
[2022-06-24T06:09:27.768+0000][gc,task       ] GC(9) Using 13 workers of 13 for evacuation
[2022-06-24T06:09:27.770+0000][gc,phases     ] GC(9)   Pre Evacuate Collection Set: 0.0ms
[2022-06-24T06:09:27.770+0000][gc,phases     ] GC(9)   Evacuate Collection Set: 1.4ms
[2022-06-24T06:09:27.770+0000][gc,phases     ] GC(9)   Post Evacuate Collection Set: 0.4ms
[2022-06-24T06:09:27.770+0000][gc,phases     ] GC(9)   Other: 0.6ms
[2022-06-24T06:09:27.770+0000][gc,heap       ] GC(9) Eden regions: 46->0(136)
[2022-06-24T06:09:27.770+0000][gc,heap       ] GC(9) Survivor regions: 5->3(7)
[2022-06-24T06:09:27.770+0000][gc,heap       ] GC(9) Old regions: 13->15
[2022-06-24T06:09:27.770+0000][gc,heap       ] GC(9) Humongous regions: 129->129
[2022-06-24T06:09:27.770+0000][gc,metaspace  ] GC(9) Metaspace: 47509K->47509K(1093632K)
[2022-06-24T06:09:27.770+0000][gc            ] GC(9) Pause Young (Normal) (G1 Evacuation Pause) 192M->145M(1024M) 2.539ms
[2022-06-24T06:09:27.770+0000][gc,cpu        ] GC(9) User=0.01s Sys=0.00s Real=0.00s
[2022-06-24T06:20:52.005+0000][gc,start      ] GC(10) Pause Young (Normal) (G1 Evacuation Pause)
[2022-06-24T06:20:52.005+0000][gc,task       ] GC(10) Using 13 workers of 13 for evacuation
[2022-06-24T06:20:52.010+0000][gc,phases     ] GC(10)   Pre Evacuate Collection Set: 0.0ms
[2022-06-24T06:20:52.010+0000][gc,phases     ] GC(10)   Evacuate Collection Set: 4.1ms
[2022-06-24T06:20:52.010+0000][gc,phases     ] GC(10)   Post Evacuate Collection Set: 0.4ms
[2022-06-24T06:20:52.010+0000][gc,phases     ] GC(10)   Other: 0.5ms
[2022-06-24T06:20:52.010+0000][gc,heap       ] GC(10) Eden regions: 136->0(165)
[2022-06-24T06:20:52.010+0000][gc,heap       ] GC(10) Survivor regions: 3->5(18)
[2022-06-24T06:20:52.010+0000][gc,heap       ] GC(10) Old regions: 15->15
[2022-06-24T06:20:52.010+0000][gc,heap       ] GC(10) Humongous regions: 129->129
[2022-06-24T06:20:52.010+0000][gc,metaspace  ] GC(10) Metaspace: 47722K->47722K(1093632K)
[2022-06-24T06:20:52.010+0000][gc            ] GC(10) Pause Young (Normal) (G1 Evacuation Pause) 281M->147M(1024M) 5.008ms
[2022-06-24T06:20:52.010+0000][gc,cpu        ] GC(10) User=0.04s Sys=0.01s Real=0.00s
[2022-06-24T06:33:21.176+0000][gc,start      ] GC(11) Pause Young (Normal) (G1 Evacuation Pause)
[2022-06-24T06:33:21.177+0000][gc,task       ] GC(11) Using 13 workers of 13 for evacuation
[2022-06-24T06:33:21.182+0000][gc,phases     ] GC(11)   Pre Evacuate Collection Set: 0.0ms
[2022-06-24T06:33:21.182+0000][gc,phases     ] GC(11)   Evacuate Collection Set: 4.8ms
[2022-06-24T06:33:21.182+0000][gc,phases     ] GC(11)   Post Evacuate Collection Set: 0.7ms
[2022-06-24T06:33:21.182+0000][gc,phases     ] GC(11)   Other: 0.5ms
[2022-06-24T06:33:21.182+0000][gc,heap       ] GC(11) Eden regions: 165->0(181)
[2022-06-24T06:33:21.182+0000][gc,heap       ] GC(11) Survivor regions: 5->6(22)
[2022-06-24T06:33:21.182+0000][gc,heap       ] GC(11) Old regions: 15->15
[2022-06-24T06:33:21.182+0000][gc,heap       ] GC(11) Humongous regions: 129->129
[2022-06-24T06:33:21.182+0000][gc,metaspace  ] GC(11) Metaspace: 47885K->47885K(1093632K)
[2022-06-24T06:33:21.182+0000][gc            ] GC(11) Pause Young (Normal) (G1 Evacuation Pause) 312M->149M(1024M) 6.157ms
[2022-06-24T06:33:21.182+0000][gc,cpu        ] GC(11) User=0.05s Sys=0.01s Real=0.00s
[2022-06-24T06:47:03.951+0000][gc,start      ] GC(12) Pause Young (Normal) (G1 Evacuation Pause)
[2022-06-24T06:47:03.951+0000][gc,task       ] GC(12) Using 13 workers of 13 for evacuation
[2022-06-24T06:47:03.987+0000][gc,mmu        ] GC(12) MMU target violated: 21.0ms (20.0ms/21.0ms)
[2022-06-24T06:47:03.990+0000][gc,phases     ] GC(12)   Pre Evacuate Collection Set: 0.0ms
[2022-06-24T06:47:03.990+0000][gc,phases     ] GC(12)   Evacuate Collection Set: 24.1ms
[2022-06-24T06:47:03.990+0000][gc,phases     ] GC(12)   Post Evacuate Collection Set: 11.5ms
[2022-06-24T06:47:03.990+0000][gc,phases     ] GC(12)   Other: 3.8ms
[2022-06-24T06:47:03.990+0000][gc,heap       ] GC(12) Eden regions: 181->0(182)
[2022-06-24T06:47:03.990+0000][gc,heap       ] GC(12) Survivor regions: 6->8(24)
[2022-06-24T06:47:03.990+0000][gc,heap       ] GC(12) Old regions: 15->15
[2022-06-24T06:47:03.990+0000][gc,heap       ] GC(12) Humongous regions: 129->129
[2022-06-24T06:47:03.990+0000][gc,metaspace  ] GC(12) Metaspace: 48030K->48030K(1093632K)
[2022-06-24T06:47:03.991+0000][gc            ] GC(12) Pause Young (Normal) (G1 Evacuation Pause) 330M->150M(1024M) 39.653ms
[2022-06-24T06:47:03.991+0000][gc,cpu        ] GC(12) User=0.15s Sys=0.00s Real=0.04s
[2022-06-24T07:00:38.368+0000][gc,start      ] GC(13) Pause Young (Normal) (G1 Evacuation Pause)
[2022-06-24T07:00:38.369+0000][gc,task       ] GC(13) Using 13 workers of 13 for evacuation
[2022-06-24T07:00:38.383+0000][gc,phases     ] GC(13)   Pre Evacuate Collection Set: 0.0ms
[2022-06-24T07:00:38.383+0000][gc,phases     ] GC(13)   Evacuate Collection Set: 10.3ms
[2022-06-24T07:00:38.383+0000][gc,phases     ] GC(13)   Post Evacuate Collection Set: 3.2ms
[2022-06-24T07:00:38.383+0000][gc,phases     ] GC(13)   Other: 1.7ms
[2022-06-24T07:00:38.383+0000][gc,heap       ] GC(13) Eden regions: 182->0(186)
[2022-06-24T07:00:38.383+0000][gc,heap       ] GC(13) Survivor regions: 8->12(24)
[2022-06-24T07:00:38.383+0000][gc,heap       ] GC(13) Old regions: 15->15
[2022-06-24T07:00:38.383+0000][gc,heap       ] GC(13) Humongous regions: 129->129
[2022-06-24T07:00:38.383+0000][gc,metaspace  ] GC(13) Metaspace: 48135K->48135K(1093632K)
[2022-06-24T07:00:38.383+0000][gc            ] GC(13) Pause Young (Normal) (G1 Evacuation Pause) 332M->154M(1024M) 15.279ms
[2022-06-24T07:00:38.383+0000][gc,cpu        ] GC(13) User=0.11s Sys=0.01s Real=0.02s
[2022-06-24T07:14:38.537+0000][gc,start      ] GC(14) Pause Young (Normal) (G1 Evacuation Pause)
[2022-06-24T07:14:38.538+0000][gc,task       ] GC(14) Using 13 workers of 13 for evacuation
[2022-06-24T07:14:38.548+0000][gc,phases     ] GC(14)   Pre Evacuate Collection Set: 0.0ms
[2022-06-24T07:14:38.548+0000][gc,phases     ] GC(14)   Evacuate Collection Set: 9.6ms
[2022-06-24T07:14:38.548+0000][gc,phases     ] GC(14)   Post Evacuate Collection Set: 0.9ms
[2022-06-24T07:14:38.548+0000][gc,phases     ] GC(14)   Other: 0.7ms
[2022-06-24T07:14:38.548+0000][gc,heap       ] GC(14) Eden regions: 186->0(207)
[2022-06-24T07:14:38.548+0000][gc,heap       ] GC(14) Survivor regions: 12->12(25)
[2022-06-24T07:14:38.548+0000][gc,heap       ] GC(14) Old regions: 15->15
[2022-06-24T07:14:38.548+0000][gc,heap       ] GC(14) Humongous regions: 129->129
[2022-06-24T07:14:38.548+0000][gc,metaspace  ] GC(14) Metaspace: 48236K->48236K(1093632K)
[2022-06-24T07:14:38.548+0000][gc            ] GC(14) Pause Young (Normal) (G1 Evacuation Pause) 340M->154M(1024M) 11.341ms
[2022-06-24T07:14:38.548+0000][gc,cpu        ] GC(14) User=0.12s Sys=0.00s Real=0.01s
[2022-06-24T07:30:11.653+0000][gc,start      ] GC(15) Pause Young (Normal) (G1 Evacuation Pause)
[2022-06-24T07:30:11.657+0000][gc,task       ] GC(15) Using 13 workers of 13 for evacuation
[2022-06-24T07:30:11.731+0000][gc,mmu        ] GC(15) MMU target violated: 21.0ms (20.0ms/21.0ms)
[2022-06-24T07:30:11.731+0000][gc,phases     ] GC(15)   Pre Evacuate Collection Set: 0.0ms
[2022-06-24T07:30:11.731+0000][gc,phases     ] GC(15)   Evacuate Collection Set: 40.4ms
[2022-06-24T07:30:11.731+0000][gc,phases     ] GC(15)   Post Evacuate Collection Set: 33.8ms
[2022-06-24T07:30:11.732+0000][gc,phases     ] GC(15)   Other: 4.7ms
[2022-06-24T07:30:11.732+0000][gc,heap       ] GC(15) Eden regions: 207->0(39)
[2022-06-24T07:30:11.732+0000][gc,heap       ] GC(15) Survivor regions: 12->12(28)
[2022-06-24T07:30:11.732+0000][gc,heap       ] GC(15) Old regions: 15->15
[2022-06-24T07:30:11.732+0000][gc,heap       ] GC(15) Humongous regions: 129->129
[2022-06-24T07:30:11.732+0000][gc,metaspace  ] GC(15) Metaspace: 48248K->48248K(1093632K)
[2022-06-24T07:30:11.732+0000][gc            ] GC(15) Pause Young (Normal) (G1 Evacuation Pause) 361M->154M(1024M) 78.981ms
[2022-06-24T07:30:11.732+0000][gc,cpu        ] GC(15) User=0.25s Sys=0.00s Real=0.08s
[2022-06-24T07:33:03.947+0000][gc,start      ] GC(16) Pause Young (Normal) (G1 Evacuation Pause)
[2022-06-24T07:33:03.947+0000][gc,task       ] GC(16) Using 13 workers of 13 for evacuation
[2022-06-24T07:33:03.958+0000][gc,phases     ] GC(16)   Pre Evacuate Collection Set: 0.0ms
[2022-06-24T07:33:03.958+0000][gc,phases     ] GC(16)   Evacuate Collection Set: 9.9ms
[2022-06-24T07:33:03.958+0000][gc,phases     ] GC(16)   Post Evacuate Collection Set: 0.4ms
[2022-06-24T07:33:03.958+0000][gc,phases     ] GC(16)   Other: 0.4ms
[2022-06-24T07:33:03.958+0000][gc,heap       ] GC(16) Eden regions: 39->0(46)
[2022-06-24T07:33:03.958+0000][gc,heap       ] GC(16) Survivor regions: 12->5(7)
[2022-06-24T07:33:03.958+0000][gc,heap       ] GC(16) Old regions: 15->22
[2022-06-24T07:33:03.958+0000][gc,heap       ] GC(16) Humongous regions: 129->129
[2022-06-24T07:33:03.958+0000][gc,metaspace  ] GC(16) Metaspace: 48264K->48264K(1093632K)
[2022-06-24T07:33:03.958+0000][gc            ] GC(16) Pause Young (Normal) (G1 Evacuation Pause) 193M->155M(1024M) 10.774ms
[2022-06-24T07:33:03.958+0000][gc,cpu        ] GC(16) User=0.12s Sys=0.01s Real=0.01s
[2022-06-24T07:36:45.793+0000][gc,start      ] GC(17) Pause Young (Normal) (G1 Evacuation Pause)
[2022-06-24T07:36:45.794+0000][gc,task       ] GC(17) Using 13 workers of 13 for evacuation
[2022-06-24T07:36:45.795+0000][gc,phases     ] GC(17)   Pre Evacuate Collection Set: 0.0ms
[2022-06-24T07:36:45.795+0000][gc,phases     ] GC(17)   Evacuate Collection Set: 1.1ms
[2022-06-24T07:36:45.795+0000][gc,phases     ] GC(17)   Post Evacuate Collection Set: 0.3ms
[2022-06-24T07:36:45.795+0000][gc,phases     ] GC(17)   Other: 0.2ms
[2022-06-24T07:36:45.795+0000][gc,heap       ] GC(17) Eden regions: 46->0(111)
[2022-06-24T07:36:45.795+0000][gc,heap       ] GC(17) Survivor regions: 5->3(7)
[2022-06-24T07:36:45.795+0000][gc,heap       ] GC(17) Old regions: 22->24
[2022-06-24T07:36:45.795+0000][gc,heap       ] GC(17) Humongous regions: 129->129
[2022-06-24T07:36:45.795+0000][gc,metaspace  ] GC(17) Metaspace: 48318K->48318K(1093632K)
[2022-06-24T07:36:45.795+0000][gc            ] GC(17) Pause Young (Normal) (G1 Evacuation Pause) 201M->154M(1024M) 1.654ms
[2022-06-24T07:36:45.795+0000][gc,cpu        ] GC(17) User=0.01s Sys=0.00s Real=0.01s
[2022-06-24T07:45:09.410+0000][gc,start      ] GC(18) Pause Young (Normal) (G1 Evacuation Pause)
[2022-06-24T07:45:09.410+0000][gc,task       ] GC(18) Using 13 workers of 13 for evacuation
[2022-06-24T07:45:09.415+0000][gc,phases     ] GC(18)   Pre Evacuate Collection Set: 0.0ms
[2022-06-24T07:45:09.415+0000][gc,phases     ] GC(18)   Evacuate Collection Set: 4.4ms
[2022-06-24T07:45:09.415+0000][gc,phases     ] GC(18)   Post Evacuate Collection Set: 0.4ms
[2022-06-24T07:45:09.415+0000][gc,phases     ] GC(18)   Other: 0.4ms
[2022-06-24T07:45:09.415+0000][gc,heap       ] GC(18) Eden regions: 111->0(182)
[2022-06-24T07:45:09.415+0000][gc,heap       ] GC(18) Survivor regions: 3->4(15)
[2022-06-24T07:45:09.415+0000][gc,heap       ] GC(18) Old regions: 24->24
[2022-06-24T07:45:09.415+0000][gc,heap       ] GC(18) Humongous regions: 129->129
[2022-06-24T07:45:09.415+0000][gc,metaspace  ] GC(18) Metaspace: 48345K->48345K(1093632K)
[2022-06-24T07:45:09.416+0000][gc            ] GC(18) Pause Young (Normal) (G1 Evacuation Pause) 265M->155M(1024M) 5.356ms
[2022-06-24T07:45:09.416+0000][gc,cpu        ] GC(18) User=0.03s Sys=0.00s Real=0.01s
