[2022-06-24T04:03:03.315+0000][gc,heap] Heap region size: 1M
[2022-06-24T04:03:03.323+0000][gc     ] Using G1
[2022-06-24T04:03:03.323+0000][gc,heap,coops] Heap address: 0x00000000c0000000, size: 1024 MB, Compressed Oops mode: 32-bit
[2022-06-24T04:03:04.227+0000][gc,start     ] GC(0) Pause Young (Concurrent Start) (Metadata GC Threshold)
[2022-06-24T04:03:04.228+0000][gc,task      ] GC(0) Using 13 workers of 13 for evacuation
[2022-06-24T04:03:04.237+0000][gc,phases    ] GC(0)   Pre Evacuate Collection Set: 0.0ms
[2022-06-24T04:03:04.237+0000][gc,phases    ] GC(0)   Evacuate Collection Set: 7.8ms
[2022-06-24T04:03:04.237+0000][gc,phases    ] GC(0)   Post Evacuate Collection Set: 0.5ms
[2022-06-24T04:03:04.237+0000][gc,phases    ] GC(0)   Other: 1.3ms
[2022-06-24T04:03:04.237+0000][gc,heap      ] GC(0) Eden regions: 39->0(44)
[2022-06-24T04:03:04.237+0000][gc,heap      ] GC(0) Survivor regions: 0->7(7)
[2022-06-24T04:03:04.237+0000][gc,heap      ] GC(0) Old regions: 0->0
[2022-06-24T04:03:04.237+0000][gc,heap      ] GC(0) Humongous regions: 0->0
[2022-06-24T04:03:04.237+0000][gc,metaspace ] GC(0) Metaspace: 20769K->20769K(1069056K)
[2022-06-24T04:03:04.237+0000][gc           ] GC(0) Pause Young (Concurrent Start) (Metadata GC Threshold) 38M->6M(1024M) 9.631ms
[2022-06-24T04:03:04.237+0000][gc,cpu       ] GC(0) User=0.04s Sys=0.01s Real=0.01s
[2022-06-24T04:03:04.237+0000][gc           ] GC(1) Concurrent Cycle
[2022-06-24T04:03:04.237+0000][gc,marking   ] GC(1) Concurrent Clear Claimed Marks
[2022-06-24T04:03:04.237+0000][gc,marking   ] GC(1) Concurrent Clear Claimed Marks 0.014ms
[2022-06-24T04:03:04.237+0000][gc,marking   ] GC(1) Concurrent Scan Root Regions
[2022-06-24T04:03:04.238+0000][gc,marking   ] GC(1) Concurrent Scan Root Regions 1.107ms
[2022-06-24T04:03:04.238+0000][gc,marking   ] GC(1) Concurrent Mark (0.926s)
[2022-06-24T04:03:04.238+0000][gc,marking   ] GC(1) Concurrent Mark From Roots
[2022-06-24T04:03:04.238+0000][gc,task      ] GC(1) Using 3 workers of 3 for marking
[2022-06-24T04:03:04.238+0000][gc,marking   ] GC(1) Concurrent Mark From Roots 0.201ms
[2022-06-24T04:03:04.238+0000][gc,marking   ] GC(1) Concurrent Preclean
[2022-06-24T04:03:04.239+0000][gc,marking   ] GC(1) Concurrent Preclean 0.056ms
[2022-06-24T04:03:04.239+0000][gc,marking   ] GC(1) Concurrent Mark (0.926s, 0.926s) 0.291ms
[2022-06-24T04:03:04.239+0000][gc,start     ] GC(1) Pause Remark
[2022-06-24T04:03:04.240+0000][gc,stringtable] GC(1) Cleaned string and symbol table, strings: 7267 processed, 0 removed, symbols: 63170 processed, 41 removed
[2022-06-24T04:03:04.240+0000][gc            ] GC(1) Pause Remark 6M->6M(1024M) 1.464ms
[2022-06-24T04:03:04.240+0000][gc,cpu        ] GC(1) User=0.01s Sys=0.00s Real=0.01s
[2022-06-24T04:03:04.240+0000][gc,marking    ] GC(1) Concurrent Rebuild Remembered Sets
[2022-06-24T04:03:04.240+0000][gc,marking    ] GC(1) Concurrent Rebuild Remembered Sets 0.084ms
[2022-06-24T04:03:04.241+0000][gc,start      ] GC(1) Pause Cleanup
[2022-06-24T04:03:04.241+0000][gc            ] GC(1) Pause Cleanup 6M->6M(1024M) 0.195ms
[2022-06-24T04:03:04.241+0000][gc,cpu        ] GC(1) User=0.00s Sys=0.00s Real=0.00s
[2022-06-24T04:03:04.241+0000][gc,marking    ] GC(1) Concurrent Cleanup for Next Mark
[2022-06-24T04:03:04.243+0000][gc,marking    ] GC(1) Concurrent Cleanup for Next Mark 2.268ms
[2022-06-24T04:03:04.243+0000][gc            ] GC(1) Concurrent Cycle 6.021ms
[2022-06-24T04:03:04.832+0000][gc,start      ] GC(2) Pause Young (Normal) (G1 Evacuation Pause)
[2022-06-24T04:03:04.832+0000][gc,task       ] GC(2) Using 13 workers of 13 for evacuation
[2022-06-24T04:03:04.837+0000][gc,phases     ] GC(2)   Pre Evacuate Collection Set: 0.0ms
[2022-06-24T04:03:04.837+0000][gc,phases     ] GC(2)   Evacuate Collection Set: 4.4ms
[2022-06-24T04:03:04.838+0000][gc,phases     ] GC(2)   Post Evacuate Collection Set: 0.5ms
[2022-06-24T04:03:04.838+0000][gc,phases     ] GC(2)   Other: 0.2ms
[2022-06-24T04:03:04.838+0000][gc,heap       ] GC(2) Eden regions: 44->0(48)
[2022-06-24T04:03:04.838+0000][gc,heap       ] GC(2) Survivor regions: 7->3(7)
[2022-06-24T04:03:04.838+0000][gc,heap       ] GC(2) Old regions: 0->7
[2022-06-24T04:03:04.838+0000][gc,heap       ] GC(2) Humongous regions: 129->129
[2022-06-24T04:03:04.838+0000][gc,metaspace  ] GC(2) Metaspace: 31166K->31166K(1077248K)
[2022-06-24T04:03:04.838+0000][gc            ] GC(2) Pause Young (Normal) (G1 Evacuation Pause) 179M->137M(1024M) 5.188ms
[2022-06-24T04:03:04.838+0000][gc,cpu        ] GC(2) User=0.04s Sys=0.00s Real=0.00s
[2022-06-24T04:03:05.143+0000][gc,start      ] GC(3) Pause Young (Concurrent Start) (Metadata GC Threshold)
[2022-06-24T04:03:05.143+0000][gc,task       ] GC(3) Using 13 workers of 13 for evacuation
[2022-06-24T04:03:05.145+0000][gc,phases     ] GC(3)   Pre Evacuate Collection Set: 0.1ms
[2022-06-24T04:03:05.145+0000][gc,phases     ] GC(3)   Evacuate Collection Set: 2.1ms
[2022-06-24T04:03:05.146+0000][gc,phases     ] GC(3)   Post Evacuate Collection Set: 0.3ms
[2022-06-24T04:03:05.146+0000][gc,phases     ] GC(3)   Other: 0.2ms
[2022-06-24T04:03:05.146+0000][gc,heap       ] GC(3) Eden regions: 22->0(46)
[2022-06-24T04:03:05.146+0000][gc,heap       ] GC(3) Survivor regions: 3->5(7)
[2022-06-24T04:03:05.146+0000][gc,heap       ] GC(3) Old regions: 7->7
[2022-06-24T04:03:05.146+0000][gc,heap       ] GC(3) Humongous regions: 129->129
[2022-06-24T04:03:05.146+0000][gc,metaspace  ] GC(3) Metaspace: 35036K->35036K(1081344K)
[2022-06-24T04:03:05.146+0000][gc            ] GC(3) Pause Young (Concurrent Start) (Metadata GC Threshold) 159M->139M(1024M) 2.786ms
[2022-06-24T04:03:05.146+0000][gc,cpu        ] GC(3) User=0.02s Sys=0.01s Real=0.00s
[2022-06-24T04:03:05.146+0000][gc            ] GC(4) Concurrent Cycle
[2022-06-24T04:03:05.146+0000][gc,marking    ] GC(4) Concurrent Clear Claimed Marks
[2022-06-24T04:03:05.146+0000][gc,marking    ] GC(4) Concurrent Clear Claimed Marks 0.023ms
[2022-06-24T04:03:05.146+0000][gc,marking    ] GC(4) Concurrent Scan Root Regions
[2022-06-24T04:03:05.147+0000][gc,marking    ] GC(4) Concurrent Scan Root Regions 1.069ms
[2022-06-24T04:03:05.147+0000][gc,marking    ] GC(4) Concurrent Mark (1.834s)
[2022-06-24T04:03:05.147+0000][gc,marking    ] GC(4) Concurrent Mark From Roots
[2022-06-24T04:03:05.147+0000][gc,task       ] GC(4) Using 3 workers of 3 for marking
[2022-06-24T04:03:05.150+0000][gc,marking    ] GC(4) Concurrent Mark From Roots 2.969ms
[2022-06-24T04:03:05.150+0000][gc,marking    ] GC(4) Concurrent Preclean
[2022-06-24T04:03:05.150+0000][gc,marking    ] GC(4) Concurrent Preclean 0.084ms
[2022-06-24T04:03:05.150+0000][gc,marking    ] GC(4) Concurrent Mark (1.834s, 1.837s) 3.095ms
[2022-06-24T04:03:05.150+0000][gc,start      ] GC(4) Pause Remark
[2022-06-24T04:03:05.151+0000][gc,stringtable] GC(4) Cleaned string and symbol table, strings: 13279 processed, 6 removed, symbols: 98652 processed, 24 removed
[2022-06-24T04:03:05.152+0000][gc            ] GC(4) Pause Remark 139M->139M(1024M) 1.631ms
[2022-06-24T04:03:05.152+0000][gc,cpu        ] GC(4) User=0.01s Sys=0.00s Real=0.01s
[2022-06-24T04:03:05.152+0000][gc,marking    ] GC(4) Concurrent Rebuild Remembered Sets
[2022-06-24T04:03:05.153+0000][gc,marking    ] GC(4) Concurrent Rebuild Remembered Sets 1.405ms
[2022-06-24T04:03:05.153+0000][gc,start      ] GC(4) Pause Cleanup
[2022-06-24T04:03:05.154+0000][gc            ] GC(4) Pause Cleanup 140M->140M(1024M) 0.216ms
[2022-06-24T04:03:05.154+0000][gc,cpu        ] GC(4) User=0.00s Sys=0.00s Real=0.00s
[2022-06-24T04:03:05.154+0000][gc,marking    ] GC(4) Concurrent Cleanup for Next Mark
[2022-06-24T04:03:05.156+0000][gc,marking    ] GC(4) Concurrent Cleanup for Next Mark 2.168ms
[2022-06-24T04:03:05.156+0000][gc            ] GC(4) Concurrent Cycle 10.233ms
[2022-06-24T04:03:28.990+0000][gc,start      ] GC(5) Pause Young (Normal) (G1 Evacuation Pause)
[2022-06-24T04:03:28.990+0000][gc,task       ] GC(5) Using 13 workers of 13 for evacuation
[2022-06-24T04:03:28.994+0000][gc,phases     ] GC(5)   Pre Evacuate Collection Set: 0.0ms
[2022-06-24T04:03:28.994+0000][gc,phases     ] GC(5)   Evacuate Collection Set: 3.8ms
[2022-06-24T04:03:28.994+0000][gc,phases     ] GC(5)   Post Evacuate Collection Set: 0.6ms
[2022-06-24T04:03:28.994+0000][gc,phases     ] GC(5)   Other: 0.2ms
[2022-06-24T04:03:28.994+0000][gc,heap       ] GC(5) Eden regions: 46->0(46)
[2022-06-24T04:03:28.994+0000][gc,heap       ] GC(5) Survivor regions: 5->5(7)
[2022-06-24T04:03:28.994+0000][gc,heap       ] GC(5) Old regions: 7->9
[2022-06-24T04:03:28.994+0000][gc,heap       ] GC(5) Humongous regions: 129->129
[2022-06-24T04:03:28.994+0000][gc,metaspace  ] GC(5) Metaspace: 43639K->43639K(1089536K)
[2022-06-24T04:03:28.994+0000][gc            ] GC(5) Pause Young (Normal) (G1 Evacuation Pause) 185M->141M(1024M) 4.764ms
[2022-06-24T04:03:28.994+0000][gc,cpu        ] GC(5) User=0.03s Sys=0.01s Real=0.01s
[2022-06-24T04:10:04.502+0000][gc,start      ] GC(6) Pause Young (Normal) (G1 Evacuation Pause)
[2022-06-24T04:10:04.502+0000][gc,task       ] GC(6) Using 13 workers of 13 for evacuation
[2022-06-24T04:10:04.509+0000][gc,phases     ] GC(6)   Pre Evacuate Collection Set: 0.0ms
[2022-06-24T04:10:04.509+0000][gc,phases     ] GC(6)   Evacuate Collection Set: 6.0ms
[2022-06-24T04:10:04.509+0000][gc,phases     ] GC(6)   Post Evacuate Collection Set: 0.8ms
[2022-06-24T04:10:04.509+0000][gc,phases     ] GC(6)   Other: 0.2ms
[2022-06-24T04:10:04.509+0000][gc,heap       ] GC(6) Eden regions: 46->0(45)
[2022-06-24T04:10:04.509+0000][gc,heap       ] GC(6) Survivor regions: 5->6(7)
[2022-06-24T04:10:04.509+0000][gc,heap       ] GC(6) Old regions: 9->11
[2022-06-24T04:10:04.509+0000][gc,heap       ] GC(6) Humongous regions: 129->129
[2022-06-24T04:10:04.509+0000][gc,metaspace  ] GC(6) Metaspace: 47093K->47093K(1091584K)
[2022-06-24T04:10:04.509+0000][gc            ] GC(6) Pause Young (Normal) (G1 Evacuation Pause) 187M->145M(1024M) 7.064ms
[2022-06-24T04:10:04.509+0000][gc,cpu        ] GC(6) User=0.04s Sys=0.00s Real=0.00s
[2022-06-24T04:21:03.384+0000][gc,start      ] GC(7) Pause Young (Normal) (G1 Evacuation Pause)
[2022-06-24T04:21:03.385+0000][gc,task       ] GC(7) Using 13 workers of 13 for evacuation
[2022-06-24T04:21:03.388+0000][gc,phases     ] GC(7)   Pre Evacuate Collection Set: 0.0ms
[2022-06-24T04:21:03.388+0000][gc,phases     ] GC(7)   Evacuate Collection Set: 2.6ms
[2022-06-24T04:21:03.388+0000][gc,phases     ] GC(7)   Post Evacuate Collection Set: 0.5ms
[2022-06-24T04:21:03.388+0000][gc,phases     ] GC(7)   Other: 0.5ms
[2022-06-24T04:21:03.388+0000][gc,heap       ] GC(7) Eden regions: 45->0(48)
[2022-06-24T04:21:03.388+0000][gc,heap       ] GC(7) Survivor regions: 6->3(7)
[2022-06-24T04:21:03.388+0000][gc,heap       ] GC(7) Old regions: 11->13
[2022-06-24T04:21:03.388+0000][gc,heap       ] GC(7) Humongous regions: 129->129
[2022-06-24T04:21:03.388+0000][gc,metaspace  ] GC(7) Metaspace: 47319K->47319K(1091584K)
[2022-06-24T04:21:03.388+0000][gc            ] GC(7) Pause Young (Normal) (G1 Evacuation Pause) 190M->144M(1024M) 3.791ms
[2022-06-24T04:21:03.388+0000][gc,cpu        ] GC(7) User=0.04s Sys=0.00s Real=0.00s
[2022-06-24T04:33:40.906+0000][gc,start      ] GC(8) Pause Young (Normal) (G1 Evacuation Pause)
[2022-06-24T04:33:40.906+0000][gc,task       ] GC(8) Using 13 workers of 13 for evacuation
[2022-06-24T04:33:40.909+0000][gc,phases     ] GC(8)   Pre Evacuate Collection Set: 0.0ms
[2022-06-24T04:33:40.909+0000][gc,phases     ] GC(8)   Evacuate Collection Set: 2.3ms
[2022-06-24T04:33:40.909+0000][gc,phases     ] GC(8)   Post Evacuate Collection Set: 0.8ms
[2022-06-24T04:33:40.909+0000][gc,phases     ] GC(8)   Other: 0.2ms
[2022-06-24T04:33:40.909+0000][gc,heap       ] GC(8) Eden regions: 48->0(47)
[2022-06-24T04:33:40.909+0000][gc,heap       ] GC(8) Survivor regions: 3->4(7)
[2022-06-24T04:33:40.909+0000][gc,heap       ] GC(8) Old regions: 13->13
[2022-06-24T04:33:40.909+0000][gc,heap       ] GC(8) Humongous regions: 129->129
[2022-06-24T04:33:40.909+0000][gc,metaspace  ] GC(8) Metaspace: 47385K->47385K(1091584K)
[2022-06-24T04:33:40.909+0000][gc            ] GC(8) Pause Young (Normal) (G1 Evacuation Pause) 192M->145M(1024M) 3.412ms
[2022-06-24T04:33:40.909+0000][gc,cpu        ] GC(8) User=0.03s Sys=0.00s Real=0.00s
