[2022-06-24T01:35:06.041+0000][gc,heap] Heap region size: 1M
[2022-06-24T01:35:06.048+0000][gc     ] Using G1
[2022-06-24T01:35:06.048+0000][gc,heap,coops] Heap address: 0x00000000c0000000, size: 1024 MB, Compressed Oops mode: 32-bit
[2022-06-24T01:35:07.121+0000][gc,start     ] GC(0) Pause Young (Concurrent Start) (Metadata GC Threshold)
[2022-06-24T01:35:07.122+0000][gc,task      ] GC(0) Using 13 workers of 13 for evacuation
[2022-06-24T01:35:07.128+0000][gc,phases    ] GC(0)   Pre Evacuate Collection Set: 0.0ms
[2022-06-24T01:35:07.128+0000][gc,phases    ] GC(0)   Evacuate Collection Set: 5.7ms
[2022-06-24T01:35:07.128+0000][gc,phases    ] GC(0)   Post Evacuate Collection Set: 0.5ms
[2022-06-24T01:35:07.128+0000][gc,phases    ] GC(0)   Other: 1.5ms
[2022-06-24T01:35:07.128+0000][gc,heap      ] GC(0) Eden regions: 39->0(44)
[2022-06-24T01:35:07.128+0000][gc,heap      ] GC(0) Survivor regions: 0->7(7)
[2022-06-24T01:35:07.128+0000][gc,heap      ] GC(0) Old regions: 0->0
[2022-06-24T01:35:07.128+0000][gc,heap      ] GC(0) Humongous regions: 0->0
[2022-06-24T01:35:07.128+0000][gc,metaspace ] GC(0) Metaspace: 20849K->20849K(1069056K)
[2022-06-24T01:35:07.129+0000][gc           ] GC(0) Pause Young (Concurrent Start) (Metadata GC Threshold) 38M->6M(1024M) 7.752ms
[2022-06-24T01:35:07.129+0000][gc,cpu       ] GC(0) User=0.00s Sys=0.02s Real=0.01s
[2022-06-24T01:35:07.129+0000][gc           ] GC(1) Concurrent Cycle
[2022-06-24T01:35:07.129+0000][gc,marking   ] GC(1) Concurrent Clear Claimed Marks
[2022-06-24T01:35:07.129+0000][gc,marking   ] GC(1) Concurrent Clear Claimed Marks 0.015ms
[2022-06-24T01:35:07.129+0000][gc,marking   ] GC(1) Concurrent Scan Root Regions
[2022-06-24T01:35:07.130+0000][gc,marking   ] GC(1) Concurrent Scan Root Regions 1.123ms
[2022-06-24T01:35:07.130+0000][gc,marking   ] GC(1) Concurrent Mark (1.092s)
[2022-06-24T01:35:07.130+0000][gc,marking   ] GC(1) Concurrent Mark From Roots
[2022-06-24T01:35:07.130+0000][gc,task      ] GC(1) Using 3 workers of 3 for marking
[2022-06-24T01:35:07.130+0000][gc,marking   ] GC(1) Concurrent Mark From Roots 0.201ms
[2022-06-24T01:35:07.130+0000][gc,marking   ] GC(1) Concurrent Preclean
[2022-06-24T01:35:07.130+0000][gc,marking   ] GC(1) Concurrent Preclean 0.058ms
[2022-06-24T01:35:07.130+0000][gc,marking   ] GC(1) Concurrent Mark (1.092s, 1.092s) 0.288ms
[2022-06-24T01:35:07.130+0000][gc,start     ] GC(1) Pause Remark
[2022-06-24T01:35:07.132+0000][gc,stringtable] GC(1) Cleaned string and symbol table, strings: 7276 processed, 0 removed, symbols: 63204 processed, 40 removed
[2022-06-24T01:35:07.132+0000][gc            ] GC(1) Pause Remark 6M->6M(1024M) 1.623ms
[2022-06-24T01:35:07.132+0000][gc,cpu        ] GC(1) User=0.01s Sys=0.00s Real=0.00s
[2022-06-24T01:35:07.132+0000][gc,marking    ] GC(1) Concurrent Rebuild Remembered Sets
[2022-06-24T01:35:07.132+0000][gc,marking    ] GC(1) Concurrent Rebuild Remembered Sets 0.093ms
[2022-06-24T01:35:07.133+0000][gc,start      ] GC(1) Pause Cleanup
[2022-06-24T01:35:07.133+0000][gc            ] GC(1) Pause Cleanup 6M->6M(1024M) 0.217ms
[2022-06-24T01:35:07.133+0000][gc,cpu        ] GC(1) User=0.00s Sys=0.00s Real=0.00s
[2022-06-24T01:35:07.133+0000][gc,marking    ] GC(1) Concurrent Cleanup for Next Mark
[2022-06-24T01:35:07.135+0000][gc,marking    ] GC(1) Concurrent Cleanup for Next Mark 2.097ms
[2022-06-24T01:35:07.135+0000][gc            ] GC(1) Concurrent Cycle 6.350ms
[2022-06-24T01:35:07.784+0000][gc,start      ] GC(2) Pause Young (Normal) (G1 Evacuation Pause)
[2022-06-24T01:35:07.784+0000][gc,task       ] GC(2) Using 13 workers of 13 for evacuation
[2022-06-24T01:35:07.788+0000][gc,phases     ] GC(2)   Pre Evacuate Collection Set: 0.0ms
[2022-06-24T01:35:07.789+0000][gc,phases     ] GC(2)   Evacuate Collection Set: 3.7ms
[2022-06-24T01:35:07.789+0000][gc,phases     ] GC(2)   Post Evacuate Collection Set: 0.5ms
[2022-06-24T01:35:07.789+0000][gc,phases     ] GC(2)   Other: 0.1ms
[2022-06-24T01:35:07.789+0000][gc,heap       ] GC(2) Eden regions: 44->0(48)
[2022-06-24T01:35:07.789+0000][gc,heap       ] GC(2) Survivor regions: 7->3(7)
[2022-06-24T01:35:07.789+0000][gc,heap       ] GC(2) Old regions: 0->7
[2022-06-24T01:35:07.789+0000][gc,heap       ] GC(2) Humongous regions: 129->129
[2022-06-24T01:35:07.789+0000][gc,metaspace  ] GC(2) Metaspace: 31163K->31163K(1077248K)
[2022-06-24T01:35:07.789+0000][gc            ] GC(2) Pause Young (Normal) (G1 Evacuation Pause) 179M->137M(1024M) 4.345ms
[2022-06-24T01:35:07.789+0000][gc,cpu        ] GC(2) User=0.05s Sys=0.00s Real=0.00s
[2022-06-24T01:35:08.065+0000][gc,start      ] GC(3) Pause Young (Concurrent Start) (Metadata GC Threshold)
[2022-06-24T01:35:08.065+0000][gc,task       ] GC(3) Using 13 workers of 13 for evacuation
[2022-06-24T01:35:08.068+0000][gc,phases     ] GC(3)   Pre Evacuate Collection Set: 0.1ms
[2022-06-24T01:35:08.068+0000][gc,phases     ] GC(3)   Evacuate Collection Set: 1.6ms
[2022-06-24T01:35:08.068+0000][gc,phases     ] GC(3)   Post Evacuate Collection Set: 0.4ms
[2022-06-24T01:35:08.068+0000][gc,phases     ] GC(3)   Other: 0.2ms
[2022-06-24T01:35:08.068+0000][gc,heap       ] GC(3) Eden regions: 20->0(46)
[2022-06-24T01:35:08.068+0000][gc,heap       ] GC(3) Survivor regions: 3->5(7)
[2022-06-24T01:35:08.068+0000][gc,heap       ] GC(3) Old regions: 7->7
[2022-06-24T01:35:08.068+0000][gc,heap       ] GC(3) Humongous regions: 129->129
[2022-06-24T01:35:08.068+0000][gc,metaspace  ] GC(3) Metaspace: 34677K->34677K(1081344K)
[2022-06-24T01:35:08.068+0000][gc            ] GC(3) Pause Young (Concurrent Start) (Metadata GC Threshold) 157M->139M(1024M) 2.334ms
[2022-06-24T01:35:08.068+0000][gc,cpu        ] GC(3) User=0.02s Sys=0.00s Real=0.00s
[2022-06-24T01:35:08.068+0000][gc            ] GC(4) Concurrent Cycle
[2022-06-24T01:35:08.068+0000][gc,marking    ] GC(4) Concurrent Clear Claimed Marks
[2022-06-24T01:35:08.068+0000][gc,marking    ] GC(4) Concurrent Clear Claimed Marks 0.023ms
[2022-06-24T01:35:08.068+0000][gc,marking    ] GC(4) Concurrent Scan Root Regions
[2022-06-24T01:35:08.069+0000][gc,marking    ] GC(4) Concurrent Scan Root Regions 1.375ms
[2022-06-24T01:35:08.069+0000][gc,marking    ] GC(4) Concurrent Mark (2.031s)
[2022-06-24T01:35:08.069+0000][gc,marking    ] GC(4) Concurrent Mark From Roots
[2022-06-24T01:35:08.069+0000][gc,task       ] GC(4) Using 3 workers of 3 for marking
[2022-06-24T01:35:08.072+0000][gc,marking    ] GC(4) Concurrent Mark From Roots 3.100ms
[2022-06-24T01:35:08.072+0000][gc,marking    ] GC(4) Concurrent Preclean
[2022-06-24T01:35:08.073+0000][gc,marking    ] GC(4) Concurrent Preclean 0.154ms
[2022-06-24T01:35:08.073+0000][gc,marking    ] GC(4) Concurrent Mark (2.031s, 2.035s) 3.302ms
[2022-06-24T01:35:08.073+0000][gc,start      ] GC(4) Pause Remark
[2022-06-24T01:35:08.074+0000][gc,stringtable] GC(4) Cleaned string and symbol table, strings: 13265 processed, 7 removed, symbols: 97949 processed, 22 removed
[2022-06-24T01:35:08.075+0000][gc            ] GC(4) Pause Remark 140M->140M(1024M) 1.875ms
[2022-06-24T01:35:08.075+0000][gc,cpu        ] GC(4) User=0.02s Sys=0.00s Real=0.00s
[2022-06-24T01:35:08.075+0000][gc,marking    ] GC(4) Concurrent Rebuild Remembered Sets
[2022-06-24T01:35:08.077+0000][gc,marking    ] GC(4) Concurrent Rebuild Remembered Sets 1.774ms
[2022-06-24T01:35:08.077+0000][gc,start      ] GC(4) Pause Cleanup
[2022-06-24T01:35:08.077+0000][gc            ] GC(4) Pause Cleanup 140M->140M(1024M) 0.248ms
[2022-06-24T01:35:08.077+0000][gc,cpu        ] GC(4) User=0.00s Sys=0.00s Real=0.00s
[2022-06-24T01:35:08.077+0000][gc,marking    ] GC(4) Concurrent Cleanup for Next Mark
[2022-06-24T01:35:08.080+0000][gc,marking    ] GC(4) Concurrent Cleanup for Next Mark 2.224ms
[2022-06-24T01:35:08.080+0000][gc            ] GC(4) Concurrent Cycle 11.824ms
[2022-06-24T01:35:20.251+0000][gc,start      ] GC(5) Pause Young (Normal) (G1 Evacuation Pause)
[2022-06-24T01:35:20.251+0000][gc,task       ] GC(5) Using 13 workers of 13 for evacuation
[2022-06-24T01:35:20.258+0000][gc,phases     ] GC(5)   Pre Evacuate Collection Set: 0.0ms
[2022-06-24T01:35:20.258+0000][gc,phases     ] GC(5)   Evacuate Collection Set: 5.6ms
[2022-06-24T01:35:20.258+0000][gc,phases     ] GC(5)   Post Evacuate Collection Set: 1.1ms
[2022-06-24T01:35:20.258+0000][gc,phases     ] GC(5)   Other: 0.3ms
[2022-06-24T01:35:20.258+0000][gc,heap       ] GC(5) Eden regions: 46->0(45)
[2022-06-24T01:35:20.258+0000][gc,heap       ] GC(5) Survivor regions: 5->6(7)
[2022-06-24T01:35:20.258+0000][gc,heap       ] GC(5) Old regions: 7->9
[2022-06-24T01:35:20.258+0000][gc,heap       ] GC(5) Humongous regions: 129->129
[2022-06-24T01:35:20.258+0000][gc,metaspace  ] GC(5) Metaspace: 43365K->43365K(1089536K)
[2022-06-24T01:35:20.258+0000][gc            ] GC(5) Pause Young (Normal) (G1 Evacuation Pause) 185M->142M(1024M) 7.129ms
[2022-06-24T01:35:20.258+0000][gc,cpu        ] GC(5) User=0.06s Sys=0.00s Real=0.01s
[2022-06-24T01:39:07.589+0000][gc,start      ] GC(6) Pause Young (Normal) (G1 Evacuation Pause)
[2022-06-24T01:39:07.589+0000][gc,task       ] GC(6) Using 13 workers of 13 for evacuation
[2022-06-24T01:39:07.592+0000][gc,phases     ] GC(6)   Pre Evacuate Collection Set: 0.0ms
[2022-06-24T01:39:07.592+0000][gc,phases     ] GC(6)   Evacuate Collection Set: 2.8ms
[2022-06-24T01:39:07.592+0000][gc,phases     ] GC(6)   Post Evacuate Collection Set: 0.5ms
[2022-06-24T01:39:07.592+0000][gc,phases     ] GC(6)   Other: 0.2ms
[2022-06-24T01:39:07.592+0000][gc,heap       ] GC(6) Eden regions: 45->0(44)
[2022-06-24T01:39:07.592+0000][gc,heap       ] GC(6) Survivor regions: 6->7(7)
[2022-06-24T01:39:07.592+0000][gc,heap       ] GC(6) Old regions: 9->11
[2022-06-24T01:39:07.592+0000][gc,heap       ] GC(6) Humongous regions: 129->129
[2022-06-24T01:39:07.592+0000][gc,metaspace  ] GC(6) Metaspace: 46900K->46900K(1091584K)
[2022-06-24T01:39:07.592+0000][gc            ] GC(6) Pause Young (Normal) (G1 Evacuation Pause) 187M->145M(1024M) 3.671ms
[2022-06-24T01:39:07.592+0000][gc,cpu        ] GC(6) User=0.04s Sys=0.00s Real=0.00s
[2022-06-24T01:44:41.004+0000][gc,start      ] GC(7) Pause Young (Normal) (G1 Evacuation Pause)
[2022-06-24T01:44:41.005+0000][gc,task       ] GC(7) Using 13 workers of 13 for evacuation
[2022-06-24T01:44:41.008+0000][gc,phases     ] GC(7)   Pre Evacuate Collection Set: 0.0ms
[2022-06-24T01:44:41.008+0000][gc,phases     ] GC(7)   Evacuate Collection Set: 2.3ms
[2022-06-24T01:44:41.008+0000][gc,phases     ] GC(7)   Post Evacuate Collection Set: 0.5ms
[2022-06-24T01:44:41.008+0000][gc,phases     ] GC(7)   Other: 0.5ms
[2022-06-24T01:44:41.008+0000][gc,heap       ] GC(7) Eden regions: 44->0(47)
[2022-06-24T01:44:41.008+0000][gc,heap       ] GC(7) Survivor regions: 7->4(7)
[2022-06-24T01:44:41.008+0000][gc,heap       ] GC(7) Old regions: 11->13
[2022-06-24T01:44:41.008+0000][gc,heap       ] GC(7) Humongous regions: 129->129
[2022-06-24T01:44:41.008+0000][gc,metaspace  ] GC(7) Metaspace: 47019K->47019K(1091584K)
[2022-06-24T01:44:41.008+0000][gc            ] GC(7) Pause Young (Normal) (G1 Evacuation Pause) 189M->145M(1024M) 3.380ms
[2022-06-24T01:44:41.008+0000][gc,cpu        ] GC(7) User=0.03s Sys=0.00s Real=0.00s
[2022-06-24T01:51:07.406+0000][gc,start      ] GC(8) Pause Young (Normal) (G1 Evacuation Pause)
[2022-06-24T01:51:07.406+0000][gc,task       ] GC(8) Using 13 workers of 13 for evacuation
[2022-06-24T01:51:07.409+0000][gc,phases     ] GC(8)   Pre Evacuate Collection Set: 0.0ms
[2022-06-24T01:51:07.409+0000][gc,phases     ] GC(8)   Evacuate Collection Set: 2.6ms
[2022-06-24T01:51:07.409+0000][gc,phases     ] GC(8)   Post Evacuate Collection Set: 0.4ms
[2022-06-24T01:51:07.409+0000][gc,phases     ] GC(8)   Other: 0.3ms
[2022-06-24T01:51:07.409+0000][gc,heap       ] GC(8) Eden regions: 47->0(76)
[2022-06-24T01:51:07.409+0000][gc,heap       ] GC(8) Survivor regions: 4->3(7)
[2022-06-24T01:51:07.409+0000][gc,heap       ] GC(8) Old regions: 13->15
[2022-06-24T01:51:07.409+0000][gc,heap       ] GC(8) Humongous regions: 129->129
[2022-06-24T01:51:07.409+0000][gc,metaspace  ] GC(8) Metaspace: 47147K->47147K(1091584K)
[2022-06-24T01:51:07.409+0000][gc            ] GC(8) Pause Young (Normal) (G1 Evacuation Pause) 192M->145M(1024M) 3.363ms
[2022-06-24T01:51:07.409+0000][gc,cpu        ] GC(8) User=0.02s Sys=0.00s Real=0.00s
[2022-06-24T01:59:46.235+0000][gc,start      ] GC(9) Pause Young (Normal) (G1 Evacuation Pause)
[2022-06-24T01:59:46.236+0000][gc,task       ] GC(9) Using 13 workers of 13 for evacuation
[2022-06-24T01:59:46.238+0000][gc,phases     ] GC(9)   Pre Evacuate Collection Set: 0.0ms
[2022-06-24T01:59:46.238+0000][gc,phases     ] GC(9)   Evacuate Collection Set: 1.4ms
[2022-06-24T01:59:46.238+0000][gc,phases     ] GC(9)   Post Evacuate Collection Set: 0.4ms
[2022-06-24T01:59:46.238+0000][gc,phases     ] GC(9)   Other: 0.5ms
[2022-06-24T01:59:46.238+0000][gc,heap       ] GC(9) Eden regions: 76->0(112)
[2022-06-24T01:59:46.238+0000][gc,heap       ] GC(9) Survivor regions: 3->3(10)
[2022-06-24T01:59:46.238+0000][gc,heap       ] GC(9) Old regions: 15->15
[2022-06-24T01:59:46.238+0000][gc,heap       ] GC(9) Humongous regions: 129->129
[2022-06-24T01:59:46.238+0000][gc,metaspace  ] GC(9) Metaspace: 47237K->47237K(1091584K)
[2022-06-24T01:59:46.238+0000][gc            ] GC(9) Pause Young (Normal) (G1 Evacuation Pause) 221M->145M(1024M) 2.337ms
[2022-06-24T01:59:46.238+0000][gc,cpu        ] GC(9) User=0.01s Sys=0.00s Real=0.00s
[2022-06-24T02:12:45.054+0000][gc,start      ] GC(10) Pause Young (Normal) (G1 Evacuation Pause)
[2022-06-24T02:12:45.055+0000][gc,task       ] GC(10) Using 13 workers of 13 for evacuation
[2022-06-24T02:12:45.071+0000][gc,phases     ] GC(10)   Pre Evacuate Collection Set: 0.0ms
[2022-06-24T02:12:45.071+0000][gc,phases     ] GC(10)   Evacuate Collection Set: 8.6ms
[2022-06-24T02:12:45.071+0000][gc,phases     ] GC(10)   Post Evacuate Collection Set: 7.5ms
[2022-06-24T02:12:45.071+0000][gc,phases     ] GC(10)   Other: 1.0ms
[2022-06-24T02:12:45.071+0000][gc,heap       ] GC(10) Eden regions: 112->0(125)
[2022-06-24T02:12:45.071+0000][gc,heap       ] GC(10) Survivor regions: 3->4(15)
[2022-06-24T02:12:45.071+0000][gc,heap       ] GC(10) Old regions: 15->15
[2022-06-24T02:12:45.071+0000][gc,heap       ] GC(10) Humongous regions: 129->129
[2022-06-24T02:12:45.071+0000][gc,metaspace  ] GC(10) Metaspace: 47287K->47287K(1091584K)
[2022-06-24T02:12:45.071+0000][gc            ] GC(10) Pause Young (Normal) (G1 Evacuation Pause) 257M->146M(1024M) 17.238ms
[2022-06-24T02:12:45.071+0000][gc,cpu        ] GC(10) User=0.07s Sys=0.01s Real=0.02s
[2022-06-24T02:27:08.962+0000][gc,start      ] GC(11) Pause Young (Normal) (G1 Evacuation Pause)
[2022-06-24T02:27:08.966+0000][gc,task       ] GC(11) Using 13 workers of 13 for evacuation
[2022-06-24T02:27:08.972+0000][gc,phases     ] GC(11)   Pre Evacuate Collection Set: 0.0ms
[2022-06-24T02:27:08.972+0000][gc,phases     ] GC(11)   Evacuate Collection Set: 4.3ms
[2022-06-24T02:27:08.972+0000][gc,phases     ] GC(11)   Post Evacuate Collection Set: 1.6ms
[2022-06-24T02:27:08.972+0000][gc,phases     ] GC(11)   Other: 4.2ms
[2022-06-24T02:27:08.972+0000][gc,heap       ] GC(11) Eden regions: 125->0(158)
[2022-06-24T02:27:08.972+0000][gc,heap       ] GC(11) Survivor regions: 4->5(17)
[2022-06-24T02:27:08.972+0000][gc,heap       ] GC(11) Old regions: 15->15
[2022-06-24T02:27:08.972+0000][gc,heap       ] GC(11) Humongous regions: 129->129
[2022-06-24T02:27:08.972+0000][gc,metaspace  ] GC(11) Metaspace: 47363K->47363K(1091584K)
[2022-06-24T02:27:08.972+0000][gc            ] GC(11) Pause Young (Normal) (G1 Evacuation Pause) 271M->147M(1024M) 10.226ms
[2022-06-24T02:27:08.972+0000][gc,cpu        ] GC(11) User=0.03s Sys=0.01s Real=0.01s
[2022-06-24T02:44:04.702+0000][gc,start      ] GC(12) Pause Young (Normal) (G1 Evacuation Pause)
[2022-06-24T02:44:04.702+0000][gc,task       ] GC(12) Using 13 workers of 13 for evacuation
[2022-06-24T02:44:04.709+0000][gc,phases     ] GC(12)   Pre Evacuate Collection Set: 0.0ms
[2022-06-24T02:44:04.709+0000][gc,phases     ] GC(12)   Evacuate Collection Set: 5.1ms
[2022-06-24T02:44:04.709+0000][gc,phases     ] GC(12)   Post Evacuate Collection Set: 0.8ms
[2022-06-24T02:44:04.709+0000][gc,phases     ] GC(12)   Other: 0.6ms
[2022-06-24T02:44:04.709+0000][gc,heap       ] GC(12) Eden regions: 158->0(175)
[2022-06-24T02:44:04.709+0000][gc,heap       ] GC(12) Survivor regions: 5->7(21)
[2022-06-24T02:44:04.709+0000][gc,heap       ] GC(12) Old regions: 15->15
[2022-06-24T02:44:04.709+0000][gc,heap       ] GC(12) Humongous regions: 129->129
[2022-06-24T02:44:04.709+0000][gc,metaspace  ] GC(12) Metaspace: 47745K->47745K(1093632K)
[2022-06-24T02:44:04.709+0000][gc            ] GC(12) Pause Young (Normal) (G1 Evacuation Pause) 305M->149M(1024M) 6.626ms
[2022-06-24T02:44:04.709+0000][gc,cpu        ] GC(12) User=0.00s Sys=0.06s Real=0.01s
