[2022-06-24T01:31:15.722+0000][gc,heap] Heap region size: 1M
[2022-06-24T01:31:15.727+0000][gc     ] Using G1
[2022-06-24T01:31:15.727+0000][gc,heap,coops] Heap address: 0x00000000e0000000, size: 512 MB, Compressed Oops mode: 32-bit
[2022-06-24T01:35:07.226+0000][gc,start     ] GC(0) Pause Young (Normal) (G1 Evacuation Pause)
[2022-06-24T01:35:07.227+0000][gc,task      ] GC(0) Using 12 workers of 13 for evacuation
[2022-06-24T01:35:07.231+0000][gc,phases    ] GC(0)   Pre Evacuate Collection Set: 0.0ms
[2022-06-24T01:35:07.231+0000][gc,phases    ] GC(0)   Evacuate Collection Set: 3.5ms
[2022-06-24T01:35:07.231+0000][gc,phases    ] GC(0)   Post Evacuate Collection Set: 0.5ms
[2022-06-24T01:35:07.232+0000][gc,phases    ] GC(0)   Other: 1.1ms
[2022-06-24T01:35:07.232+0000][gc,heap      ] GC(0) Eden regions: 25->0(21)
[2022-06-24T01:35:07.232+0000][gc,heap      ] GC(0) Survivor regions: 0->4(4)
[2022-06-24T01:35:07.232+0000][gc,heap      ] GC(0) Old regions: 0->2
[2022-06-24T01:35:07.232+0000][gc,heap      ] GC(0) Humongous regions: 0->0
[2022-06-24T01:35:07.232+0000][gc,metaspace ] GC(0) Metaspace: 15653K->15653K(1064960K)
[2022-06-24T01:35:07.232+0000][gc           ] GC(0) Pause Young (Normal) (G1 Evacuation Pause) 25M->5M(512M) 5.109ms
[2022-06-24T01:35:07.232+0000][gc,cpu       ] GC(0) User=0.03s Sys=0.01s Real=0.00s
